Component: Arm Compiler for Embedded 6.19 Tool: armlink [5e73cb00]

==============================================================================

Section Cross References

    main.o(.text) refers to main.o(.bss.low_pass.buffer) for low_pass.buffer
    main.o(.text) refers to fflt_clz.o(x$fpl$ffltu) for __aeabi_ui2f
    main.o(.text) refers to main.o(.rodata.filter_coeffs) for filter_coeffs
    main.o(.text) refers to fmul.o(x$fpl$fmul) for __aeabi_fmul
    main.o(.text) refers to faddsub_clz.o(x$fpl$fadd) for __aeabi_fadd
    main.o(.text) refers to ffix.o(x$fpl$ffix) for __aeabi_f2iz
    main.o(.text) refers to main.o(.bss.fft_sin_lookup) for fft_sin_lookup
    main.o(.text) refers to main.o(.bss.fft_cos_lookup) for fft_cos_lookup
    main.o(.text) refers to dflt_clz.o(x$fpl$dfltu) for __aeabi_ui2d
    main.o(.text) refers to dmul.o(x$fpl$dmul) for __aeabi_dmul
    main.o(.text) refers to cos.o(i.cos) for cos
    main.o(.text) refers to d2f.o(x$fpl$d2f) for __aeabi_d2f
    main.o(.text) refers to sin.o(i.sin) for sin
    main.o(.text) refers to stm32f10x_tim.o(.text) for TIM_GetITStatus
    main.o(.text) refers to main.o(.bss.adc_buffer) for adc_buffer
    main.o(.text) refers to main.o(.bss.adc_value) for adc_value
    main.o(.text) refers to main.o(.bss.res_value) for res_value
    main.o(.text) refers to main.o(.bss.TIM3_IRQHandler.s) for TIM3_IRQHandler.s
    main.o(.text) refers to main.o(.bss.n_done) for n_done
    main.o(.text) refers to main.o(.bss.n_count) for n_count
    main.o(.text) refers to main.o(.bss.pwm_ready) for pwm_ready
    main.o(.text) refers to main.o(.bss.REX) for REX
    main.o(.text) refers to main.o(.bss.pwm_index) for pwm_index
    main.o(.text) refers to main.o(.bss.pwm_buffer) for pwm_buffer
    main.o(.text) refers to stm32f10x_rcc.o(.text) for RCC_APB1PeriphClockCmd
    main.o(.text) refers to misc.o(.text) for NVIC_Init
    main.o(.text) refers to stm32f10x_gpio.o(.text) for GPIO_Init
    main.o(.text) refers to lcd16x2.o(.text) for lcd16x2_init
    main.o(.text) refers to main.o(.data.bar_graph) for bar_graph
    main.o(.text) refers to main.o(.bss.IMX) for IMX
    main.o(.text) refers to main.o(.bss.MAG) for MAG
    main.o(.text) refers to main.o(.bss.lcd_buf_top) for lcd_buf_top
    main.o(.text) refers to main.o(.bss.lcd_buf_bot) for lcd_buf_bot
    main.o(.text) refers to dflt_clz.o(x$fpl$dflt) for __aeabi_i2d
    main.o(.text) refers to sqrt.o(i.sqrt) for sqrt
    main.o(.text) refers to dfix.o(x$fpl$dfix) for __aeabi_d2iz
    main.o(.text) refers to main.o(.bss.REAL_OUT) for REAL_OUT
    main.o(.text) refers to main.o(.bss.IMAG_OUT) for IMAG_OUT
    main.o(.text) refers to stm32f10x_dma.o(.text) for DMA_DeInit
    main.o(.text) refers to stm32f10x_adc.o(.text) for ADC_Init
    main.o(.text) refers to fflt_clz.o(x$fpl$fflt) for __aeabi_i2f
    main.o(.text) refers to faddsub_clz.o(x$fpl$fsub) for __aeabi_fsub
    main.o(.text) refers to main.o(.bss.MAG_OUT) for MAG_OUT
    main.o(.text) refers to rt_memclr_w.o(.text) for __aeabi_memclr4
    main.o(.ARM.exidx) refers to main.o(.text) for [Anonymous Symbol]
    lcd16x2.o(.text) refers to delay.o(.text) for DelayInit
    lcd16x2.o(.text) refers to stm32f10x_rcc.o(.text) for RCC_APB2PeriphClockCmd
    lcd16x2.o(.text) refers to lcd16x2.o(.bss.GPIO_InitStruct) for GPIO_InitStruct
    lcd16x2.o(.text) refers to stm32f10x_gpio.o(.text) for GPIO_Init
    lcd16x2.o(.text) refers to lcd16x2.o(.bss.display_cursor_on_off_control) for display_cursor_on_off_control
    lcd16x2.o(.ARM.exidx) refers to lcd16x2.o(.text) for [Anonymous Symbol]
    delay.o(.text) refers to delay.o(.bss.usTicks) for usTicks
    delay.o(.text) refers to system_stm32f10x.o(.text) for SystemCoreClockUpdate
    delay.o(.text) refers to system_stm32f10x.o(.data.SystemCoreClock) for SystemCoreClock
    delay.o(.ARM.exidx) refers to delay.o(.text) for [Anonymous Symbol]
    stm32f10x_dma.o(.text) refers to rt_memclr_w.o(.text) for __aeabi_memclr4
    stm32f10x_dma.o(.ARM.exidx) refers to stm32f10x_dma.o(.text) for [Anonymous Symbol]
    misc.o(.ARM.exidx) refers to misc.o(.text) for [Anonymous Symbol]
    stm32f10x_adc.o(.text) refers to stm32f10x_rcc.o(.text) for RCC_APB2PeriphResetCmd
    stm32f10x_adc.o(.ARM.exidx) refers to stm32f10x_adc.o(.text) for [Anonymous Symbol]
    stm32f10x_gpio.o(.text) refers to stm32f10x_gpio.o(.rodata..Lswitch.table.GPIO_DeInit.1) for .Lswitch.table.GPIO_DeInit.1
    stm32f10x_gpio.o(.text) refers to stm32f10x_rcc.o(.text) for RCC_APB2PeriphResetCmd
    stm32f10x_gpio.o(.ARM.exidx) refers to stm32f10x_gpio.o(.text) for [Anonymous Symbol]
    stm32f10x_rcc.o(.text) refers to stm32f10x_rcc.o(.rodata.APBAHBPrescTable) for APBAHBPrescTable
    stm32f10x_rcc.o(.text) refers to stm32f10x_rcc.o(.rodata.ADCPrescTable) for ADCPrescTable
    stm32f10x_rcc.o(.ARM.exidx) refers to stm32f10x_rcc.o(.text) for [Anonymous Symbol]
    stm32f10x_tim.o(.text) refers to stm32f10x_rcc.o(.text) for RCC_APB2PeriphResetCmd
[...]
    ../clib/angel/kernel.s                   0x00000000   Number         0  __rtentry4.o ABSOLUTE
    ../clib/angel/kernel.s                   0x00000000   Number         0  rtexit.o ABSOLUTE
    ../clib/angel/kernel.s                   0x00000000   Number         0  rtexit2.o ABSOLUTE
    ../clib/angel/rt.s                       0x00000000   Number         0  rt_errno_addr.o ABSOLUTE
    ../clib/angel/rt.s                       0x00000000   Number         0  rt_errno_addr_intlibspace.o ABSOLUTE
    ../clib/angel/rt.s                       0x00000000   Number         0  rt_raise.o ABSOLUTE
    ../clib/angel/scatter.s                  0x00000000   Number         0  __scatter.o ABSOLUTE
    ../clib/angel/startup.s                  0x00000000   Number         0  __main.o ABSOLUTE
    ../clib/angel/sys.s                      0x00000000   Number         0  libspace.o ABSOLUTE
    ../clib/angel/sys.s                      0x00000000   Number         0  sys_stackheap_outer.o ABSOLUTE
    ../clib/angel/sys.s                      0x00000000   Number         0  use_no_semi.o ABSOLUTE
    ../clib/angel/sys.s                      0x00000000   Number         0  indicate_semi.o ABSOLUTE
    ../clib/angel/sysapp.c                   0x00000000   Number         0  sys_exit.o ABSOLUTE
    ../clib/angel/sysapp.c                   0x00000000   Number         0  sys_exit_hlt.o ABSOLUTE
    ../clib/angel/sysapp.c                   0x00000000   Number         0  sys_command.o ABSOLUTE
    ../clib/angel/sysapp.c                   0x00000000   Number         0  sys_command_hlt.o ABSOLUTE
    ../clib/angel/sysapp.c                   0x00000000   Number         0  sys_wrch.o ABSOLUTE
    ../clib/angel/sysapp.c                   0x00000000   Number         0  sys_wrch_hlt.o ABSOLUTE
    ../clib/armsys.c                         0x00000000   Number         0  argv_veneer.o ABSOLUTE
    ../clib/armsys.c                         0x00000000   Number         0  argv_veneer.o ABSOLUTE
    ../clib/armsys.c                         0x00000000   Number         0  _get_argv_nomalloc.o ABSOLUTE
    ../clib/armsys.c                         0x00000000   Number         0  no_argv.o ABSOLUTE
    ../clib/fenv.c                           0x00000000   Number         0  _rserrno.o ABSOLUTE
    ../clib/heapalloc.c                      0x00000000   Number         0  hrguard.o ABSOLUTE
    ../clib/heapaux.c                        0x00000000   Number         0  heapauxi.o ABSOLUTE
    ../clib/libinit.s                        0x00000000   Number         0  libinit.o ABSOLUTE
    ../clib/libinit.s                        0x00000000   Number         0  libinit2.o ABSOLUTE
    ../clib/libinit.s                        0x00000000   Number         0  libshutdown.o ABSOLUTE
    ../clib/libinit.s                        0x00000000   Number         0  libshutdown2.o ABSOLUTE
    ../clib/memcpset.s                       0x00000000   Number         0  rt_memclr_w.o ABSOLUTE
    ../clib/signal.c                         0x00000000   Number         0  defsig_rtmem_outer.o ABSOLUTE
    ../clib/signal.c                         0x00000000   Number         0  defsig_rtmem_formal.o ABSOLUTE
    ../clib/signal.c                         0x00000000   Number         0  defsig_exit.o ABSOLUTE
    ../clib/signal.c                         0x00000000   Number         0  defsig_rtmem_inner.o ABSOLUTE
    ../clib/signal.c                         0x00000000   Number         0  __raise.o ABSOLUTE
    ../clib/signal.c                         0x00000000   Number         0  defsig_general.o ABSOLUTE
    ../clib/signal.c                         0x00000000   Number         0  defsig_abrt_inner.o ABSOLUTE
    ../clib/signal.c                         0x00000000   Number         0  defsig_fpe_inner.o ABSOLUTE
    ../clib/signal.c                         0x00000000   Number         0  defsig_rtred_inner.o ABSOLUTE
    ../clib/signal.c                         0x00000000   Number         0  defsig_stak_inner.o ABSOLUTE
    ../clib/signal.c                         0x00000000   Number         0  defsig_pvfn_inner.o ABSOLUTE
    ../clib/signal.c                         0x00000000   Number         0  defsig_cppl_inner.o ABSOLUTE
    ../clib/signal.c                         0x00000000   Number         0  defsig_segv_inner.o ABSOLUTE
    ../clib/signal.c                         0x00000000   Number         0  defsig_other.o ABSOLUTE
    ../clib/signal.s                         0x00000000   Number         0  defsig.o ABSOLUTE
    ../clib/stdlib.c                         0x00000000   Number         0  exit.o ABSOLUTE
    ../fplib/d2f.s                           0x00000000   Number         0  d2f.o ABSOLUTE
    ../fplib/daddsub.s                       0x00000000   Number         0  daddsub_clz.o ABSOLUTE
    ../fplib/dcheck1.s                       0x00000000   Number         0  dcheck1.o ABSOLUTE
    ../fplib/ddiv.s                          0x00000000   Number         0  ddiv.o ABSOLUTE
    ../fplib/dfix.s                          0x00000000   Number         0  dfix.o ABSOLUTE
    ../fplib/dflt.s                          0x00000000   Number         0  dflt_clz.o ABSOLUTE
    ../fplib/dmul.s                          0x00000000   Number         0  dmul.o ABSOLUTE
    ../fplib/dnaninf.s                       0x00000000   Number         0  dnaninf.o ABSOLUTE
    ../fplib/dretinf.s                       0x00000000   Number         0  dretinf.o ABSOLUTE
    ../fplib/dsqrt.s                         0x00000000   Number         0  dsqrt_noumaal.o ABSOLUTE
    ../fplib/faddsub.s                       0x00000000   Number         0  faddsub_clz.o ABSOLUTE
    ../fplib/ffix.s                          0x00000000   Number         0  ffix.o ABSOLUTE
    ../fplib/fflt.s                          0x00000000   Number         0  fflt_clz.o ABSOLUTE
    ../fplib/fmul.s                          0x00000000   Number         0  fmul.o ABSOLUTE
    ../fplib/fnaninf.s                       0x00000000   Number         0  fnaninf.o ABSOLUTE
    ../fplib/fpinit.s                        0x00000000   Number         0  fpinit.o ABSOLUTE
    ../fplib/fpinit_empty.s                  0x00000000   Number         0  fpinit_empty.o ABSOLUTE
    ../fplib/fretinf.s                       0x00000000   Number         0  fretinf.o ABSOLUTE
    ../fplib/retnan.s                        0x00000000   Number         0  retnan.o ABSOLUTE
    ../fplib/scalbn.s                        0x00000000   Number         0  scalbn.o ABSOLUTE
    ../fplib/trapv.s                         0x00000000   Number         0  trapv.o ABSOLUTE
    ../fplib/usenofp.s                       0x00000000   Number         0  usenofp.o ABSOLUTE
    ../mathlib/cos.c                         0x00000000   Number         0  cos.o ABSOLUTE
    ../mathlib/cos_i.c                       0x00000000   Number         0  cos_i.o ABSOLUTE
    ../mathlib/dunder.c                      0x00000000   Number         0  dunder.o ABSOLUTE
    ../mathlib/fpclassify.c                  0x00000000   Number         0  fpclassify.o ABSOLUTE
    ../mathlib/poly.c                        0x00000000   Number         0  poly.o ABSOLUTE
    ../mathlib/rred.c                        0x00000000   Number         0  rred.o ABSOLUTE
    ../mathlib/sin.c                         0x00000000   Number         0  sin.o ABSOLUTE
    ../mathlib/sin_i.c                       0x00000000   Number         0  sin_i.o ABSOLUTE
    ../mathlib/sqrt.c                        0x00000000   Number         0  sqrt.o ABSOLUTE
    RTE/Device/STM32F103C8/startup_stm32f10x_md.s 0x00000000   Number         0  startup_stm32f10x_md.o ABSOLUTE
    dc.s                                     0x00000000   Number         0  dc.o ABSOLUTE
    delay.c                                  0x00000000   Number         0  delay.o ABSOLUTE
    lcd16x2.c                                0x00000000   Number         0  lcd16x2.o ABSOLUTE
    main.c                                   0x00000000   Number         0  main.o ABSOLUTE
    misc.c                                   0x00000000   Number         0  misc.o ABSOLUTE
    stm32f10x_adc.c                          0x00000000   Number         0  stm32f10x_adc.o ABSOLUTE
    stm32f10x_dma.c                          0x00000000   Number         0  stm32f10x_dma.o ABSOLUTE
    stm32f10x_gpio.c                         0x00000000   Number         0  stm32f10x_gpio.o ABSOLUTE
    stm32f10x_rcc.c                          0x00000000   Number         0  stm32f10x_rcc.o ABSOLUTE
    stm32f10x_tim.c                          0x00000000   Number         0  stm32f10x_tim.o ABSOLUTE
    stm32f10x_usart.c                        0x00000000   Number         0  stm32f10x_usart.o ABSOLUTE
    system_stm32f10x.c                       0x00000000   Number         0  system_stm32f10x.o ABSOLUTE
    RESET                                    0x08000000   Section      236  startup_stm32f10x_md.o(RESET)
    !!!main                                  0x080000ec   Section        8  __main.o(!!!main)
    !!!scatter                               0x080000f4   Section       52  __scatter.o(!!!scatter)
    !!handler_copy                           0x08000128   Section       26  __scatter_copy.o(!!handler_copy)
    !!handler_zi                             0x08000144   Section       28  __scatter_zi.o(!!handler_zi)
    .ARM.Collect$$libinit$$00000000          0x08000160   Section        2  libinit.o(.ARM.Collect$$libinit$$00000000)
    .ARM.Collect$$libinit$$00000002          0x08000162   Section        0  libinit2.o(.ARM.Collect$$libinit$$00000002)
    .ARM.Collect$$libinit$$00000004          0x08000162   Section        0  libinit2.o(.ARM.Collect$$libinit$$00000004)
    .ARM.Collect$$libinit$$00000006          0x08000162   Section        0  libinit2.o(.ARM.Collect$$libinit$$00000006)
    .ARM.Collect$$libinit$$0000000C          0x08000162   Section        0  libinit2.o(.ARM.Collect$$libinit$$0000000C)
    .ARM.Collect$$libinit$$0000000E          0x08000162   Section        0  libinit2.o(.ARM.Collect$$libinit$$0000000E)
    .ARM.Collect$$libinit$$00000010          0x08000162   Section        0  libinit2.o(.ARM.Collect$$libinit$$00000010)
    .ARM.Collect$$libinit$$00000013          0x08000162   Section        0  libinit2.o(.ARM.Collect$$libinit$$00000013)
    .ARM.Collect$$libinit$$00000015          0x08000162   Section        0  libinit2.o(.ARM.Collect$$libinit$$00000015)
    .ARM.Collect$$libinit$$00000017          0x08000162   Section        0  libinit2.o(.ARM.Collect$$libinit$$00000017)
    .ARM.Collect$$libinit$$00000019          0x08000162   Section        0  libinit2.o(.ARM.Collect$$libinit$$00000019)
    .ARM.Collect$$libinit$$0000001B          0x08000162   Section        0  libinit2.o(.ARM.Collect$$libinit$$0000001B)
    .ARM.Collect$$libinit$$0000001D          0x08000162   Section        0  libinit2.o(.ARM.Collect$$libinit$$0000001D)
    .ARM.Collect$$libinit$$0000001F          0x08000162   Section        0  libinit2.o(.ARM.Collect$$libinit$$0000001F)
    .ARM.Collect$$libinit$$00000021          0x08000162   Section        0  libinit2.o(.ARM.Collect$$libinit$$00000021)
    .ARM.Collect$$libinit$$00000023          0x08000162   Section        0  libinit2.o(.ARM.Collect$$libinit$$00000023)
    .ARM.Collect$$libinit$$00000025          0x08000162   Section        0  libinit2.o(.ARM.Collect$$libinit$$00000025)
    .ARM.Collect$$libinit$$00000027          0x08000162   Section        0  libinit2.o(.ARM.Collect$$libinit$$00000027)
    .ARM.Collect$$libinit$$0000002E          0x08000162   Section        0  libinit2.o(.ARM.Collect$$libinit$$0000002E)
    .ARM.Collect$$libinit$$00000030          0x08000162   Section        0  libinit2.o(.ARM.Collect$$libinit$$00000030)
    .ARM.Collect$$libinit$$00000032          0x08000162   Section        0  libinit2.o(.ARM.Collect$$libinit$$00000032)
    .ARM.Collect$$libinit$$00000034          0x08000162   Section        0  libinit2.o(.ARM.Collect$$libinit$$00000034)
    .ARM.Collect$$libinit$$00000035          0x08000162   Section        2  libinit2.o(.ARM.Collect$$libinit$$00000035)
    .ARM.Collect$$libshutdown$$00000000      0x08000164   Section        2  libshutdown.o(.ARM.Collect$$libshutdown$$00000000)
    .ARM.Collect$$libshutdown$$00000002      0x08000166   Section        0  libshutdown2.o(.ARM.Collect$$libshutdown$$00000002)
    .ARM.Collect$$libshutdown$$00000004      0x08000166   Section        0  libshutdown2.o(.ARM.Collect$$libshutdown$$00000004)
    .ARM.Collect$$libshutdown$$00000007      0x08000166   Section        0  libshutdown2.o(.ARM.Collect$$libshutdown$$00000007)
    .ARM.Collect$$libshutdown$$0000000A      0x08000166   Section        0  libshutdown2.o(.ARM.Collect$$libshutdown$$0000000A)
    .ARM.Collect$$libshutdown$$0000000C      0x08000166   Section        0  libshutdown2.o(.ARM.Collect$$libshutdown$$0000000C)
    .ARM.Collect$$libshutdown$$0000000F      0x08000166   Section        0  libshutdown2.o(.ARM.Collect$$libshutdown$$0000000F)
    .ARM.Collect$$libshutdown$$00000010      0x08000166   Section        2  libshutdown2.o(.ARM.Collect$$libshutdown$$00000010)
    .ARM.Collect$$rtentry$$00000000          0x08000168   Section        0  __rtentry.o(.ARM.Collect$$rtentry$$00000000)
    .ARM.Collect$$rtentry$$00000002          0x08000168   Section        0  __rtentry2.o(.ARM.Collect$$rtentry$$00000002)
    .ARM.Collect$$rtentry$$00000004          0x08000168   Section        6  __rtentry4.o(.ARM.Collect$$rtentry$$00000004)
    .ARM.Collect$$rtentry$$00000009          0x0800016e   Section        0  __rtentry2.o(.ARM.Collect$$rtentry$$00000009)
    .ARM.Collect$$rtentry$$0000000A          0x0800016e   Section        4  __rtentry2.o(.ARM.Collect$$rtentry$$0000000A)
    .ARM.Collect$$rtentry$$0000000C          0x08000172   Section        0  __rtentry2.o(.ARM.Collect$$rtentry$$0000000C)
    .ARM.Collect$$rtentry$$0000000D          0x08000172   Section        8  __rtentry2.o(.ARM.Collect$$rtentry$$0000000D)
    .ARM.Collect$$rtexit$$00000000           0x0800017a   Section        2  rtexit.o(.ARM.Collect$$rtexit$$00000000)
    .ARM.Collect$$rtexit$$00000002           0x0800017c   Section        0  rtexit2.o(.ARM.Collect$$rtexit$$00000002)
    .ARM.Collect$$rtexit$$00000003           0x0800017c   Section        4  rtexit2.o(.ARM.Collect$$rtexit$$00000003)
    .ARM.Collect$$rtexit$$00000004           0x08000180   Section        6  rtexit2.o(.ARM.Collect$$rtexit$$00000004)
    [Anonymous Symbol]                       0x08000188   Section        0  main.o(.text)
    [Anonymous Symbol]                       0x08000d28   Section        0  lcd16x2.o(.text)
    lcd16x2_wait_busy                        0x08001145   Thumb Code   298  lcd16x2.o(.text)
    lcd16x2_write                            0x08001271   Thumb Code   252  lcd16x2.o(.text)
    [Anonymous Symbol]                       0x08001b64   Section        0  delay.o(.text)
    [Anonymous Symbol]                       0x08001c00   Section        0  stm32f10x_dma.o(.text)
    [Anonymous Symbol]                       0x08001de4   Section        0  misc.o(.text)
    [Anonymous Symbol]                       0x08001ea0   Section        0  stm32f10x_adc.o(.text)
    [Anonymous Symbol]                       0x080021fc   Section        0  stm32f10x_gpio.o(.text)
    [Anonymous Symbol]                       0x08002448   Section        0  stm32f10x_rcc.o(.text)
    [Anonymous Symbol]                       0x080027b4   Section        0  stm32f10x_tim.o(.text)
    .text                                    0x0800373c   Section       64  startup_stm32f10x_md.o(.text)
    [Anonymous Symbol]                       0x0800377c   Section        0  system_stm32f10x.o(.text)
    .text                                    0x080038fa   Section       78  rt_memclr_w.o(.text)
    .text                                    0x08003948   Section        0  heapauxi.o(.text)
    .text                                    0x0800394e   Section        0  _rserrno.o(.text)
    .text                                    0x08003964   Section        8  rt_errno_addr_intlibspace.o(.text)
    .text                                    0x0800396c   Section        8  libspace.o(.text)
    .text                                    0x08003974   Section       74  sys_stackheap_outer.o(.text)
    .text                                    0x080039be   Section        0  exit.o(.text)
    .text                                    0x080039d0   Section        0  sys_exit.o(.text)
    .text                                    0x080039dc   Section        2  use_no_semi.o(.text)
    .text                                    0x080039de   Section        0  indicate_semi.o(.text)
    i.__ARM_fpclassify                       0x080039de   Section        0  fpclassify.o(i.__ARM_fpclassify)
    i.__ieee754_rem_pio2                     0x08003a08   Section        0  rred.o(i.__ieee754_rem_pio2)
    i.__kernel_cos                           0x08003d90   Section        0  cos_i.o(i.__kernel_cos)
    i.__kernel_poly                          0x08003e8c   Section        0  poly.o(i.__kernel_poly)
    i.__kernel_sin                           0x08003f38   Section        0  sin_i.o(i.__kernel_sin)
    i.__mathlib_dbl_infnan                   0x08004024   Section        0  dunder.o(i.__mathlib_dbl_infnan)
    i.__mathlib_dbl_invalid                  0x0800402a   Section        0  dunder.o(i.__mathlib_dbl_invalid)
    i.__mathlib_dbl_underflow                0x08004038   Section        0  dunder.o(i.__mathlib_dbl_underflow)
    i.cos                                    0x08004048   Section        0  cos.o(i.cos)
    i.sin                                    0x080040e4   Section        0  sin.o(i.sin)
    i.sqrt                                   0x08004184   Section        0  sqrt.o(i.sqrt)
    x$fpl$d2f                                0x080041d0   Section       98  d2f.o(x$fpl$d2f)
    x$fpl$dadd                               0x08004234   Section      336  daddsub_clz.o(x$fpl$dadd)
    _dadd1                                   0x08004245   Thumb Code     0  daddsub_clz.o(x$fpl$dadd)
    x$fpl$dcheck1                            0x08004384   Section       16  dcheck1.o(x$fpl$dcheck1)
    x$fpl$ddiv                               0x08004394   Section      692  ddiv.o(x$fpl$ddiv)
    ddiv_entry                               0x0800439b   Thumb Code     0  ddiv.o(x$fpl$ddiv)
    x$fpl$dfix                               0x08004648   Section       94  dfix.o(x$fpl$dfix)
    x$fpl$dflt                               0x080046a6   Section       46  dflt_clz.o(x$fpl$dflt)
    x$fpl$dfltu                              0x080046d4   Section       38  dflt_clz.o(x$fpl$dfltu)
    x$fpl$dmul                               0x080046fc   Section      340  dmul.o(x$fpl$dmul)
    x$fpl$dnaninf                            0x08004850   Section      156  dnaninf.o(x$fpl$dnaninf)
    x$fpl$dretinf                            0x080048ec   Section       12  dretinf.o(x$fpl$dretinf)
    x$fpl$drsb                               0x080048f8   Section       22  daddsub_clz.o(x$fpl$drsb)
    x$fpl$dsqrt                              0x08004910   Section      460  dsqrt_noumaal.o(x$fpl$dsqrt)
    x$fpl$dsub                               0x08004adc   Section      476  daddsub_clz.o(x$fpl$dsub)
    _dsub1                                   0x08004aed   Thumb Code     0  daddsub_clz.o(x$fpl$dsub)
    x$fpl$fadd                               0x08004cb8   Section      196  faddsub_clz.o(x$fpl$fadd)
    _fadd1                                   0x08004cc7   Thumb Code     0  faddsub_clz.o(x$fpl$fadd)
    x$fpl$ffix                               0x08004d7c   Section       54  ffix.o(x$fpl$ffix)
    x$fpl$fflt                               0x08004db4   Section       48  fflt_clz.o(x$fpl$fflt)
    x$fpl$ffltu                              0x08004de4   Section       38  fflt_clz.o(x$fpl$ffltu)
    x$fpl$fmul                               0x08004e0c   Section      258  fmul.o(x$fpl$fmul)
    x$fpl$fnaninf                            0x08004f0e   Section      140  fnaninf.o(x$fpl$fnaninf)
    x$fpl$fretinf                            0x08004f9a   Section       10  fretinf.o(x$fpl$fretinf)
    x$fpl$fsub                               0x08004fa4   Section      234  faddsub_clz.o(x$fpl$fsub)
    _fsub1                                   0x08004fb3   Thumb Code     0  faddsub_clz.o(x$fpl$fsub)
    x$fpl$retnan                             0x0800508e   Section      100  retnan.o(x$fpl$retnan)
    x$fpl$scalbn                             0x080050f2   Section       92  scalbn.o(x$fpl$scalbn)
    x$fpl$trapveneer                         0x0800514e   Section       48  trapv.o(x$fpl$trapveneer)
    x$fpl$usenofp                            0x0800517e   Section        0  usenofp.o(x$fpl$usenofp)
    C                                        0x08005180   Data          48  cos_i.o(.constdata)
    .constdata                               0x08005180   Section       48  cos_i.o(.constdata)
    pio2s                                    0x080051b0   Data          48  rred.o(.constdata)
    .constdata                               0x080051b0   Section      204  rred.o(.constdata)
    twooverpi                                0x080051e0   Data         156  rred.o(.constdata)
    S                                        0x08005280   Data          40  sin_i.o(.constdata)
    .constdata                               0x08005280   Section       40  sin_i.o(.constdata)
    .Lswitch.table.GPIO_DeInit.1             0x080052a8   Data          28  stm32f10x_gpio.o(.rodata..Lswitch.table.GPIO_DeInit.1)
    ADCPrescTable                            0x080052c4   Data           4  stm32f10x_rcc.o(.rodata.ADCPrescTable)
    [Anonymous Symbol]                       0x080052c4   Section        0  stm32f10x_rcc.o(.rodata.ADCPrescTable)
    APBAHBPrescTable                         0x080052d8   Data          16  stm32f10x_rcc.o(.rodata.APBAHBPrescTable)
    [Anonymous Symbol]                       0x080052d8   Section        0  stm32f10x_rcc.o(.rodata.APBAHBPrescTable)
    .bss                                     0x20000048   Section       96  libspace.o(.bss)
    TIM3_IRQHandler.s                        0x20000aac   Data           1  main.o(.bss.TIM3_IRQHandler.s)
    [Anonymous Symbol]                       0x20000aac   Section        0  main.o(.bss.TIM3_IRQHandler.s)
    display_cursor_on_off_control            0x20000ab4   Data           1  lcd16x2.o(.bss.display_cursor_on_off_control)
    [Anonymous Symbol]                       0x20000ab4   Section        0  lcd16x2.o(.bss.display_cursor_on_off_control)
    low_pass.buffer                          0x20000eb8   Data        1452  main.o(.bss.low_pass.buffer)
    [Anonymous Symbol]                       0x20000eb8   Section        0  main.o(.bss.low_pass.buffer)
    usTicks                                  0x20001570   Data           4  delay.o(.bss.usTicks)
    [Anonymous Symbol]                       0x20001570   Section        0  delay.o(.bss.usTicks)
    Heap_Mem                                 0x20001578   Data         512  startup_stm32f10x_md.o(HEAP)
    HEAP                                     0x20001578   Section      512  startup_stm32f10x_md.o(HEAP)
    Stack_Mem                                0x20001778   Data        1024  startup_stm32f10x_md.o(STACK)
    STACK                                    0x20001778   Section     1024  startup_stm32f10x_md.o(STACK)
    __initial_sp                             0x20001b78   Data           0  startup_stm32f10x_md.o(STACK)

    Global Symbols

    Symbol Name                              Value     Ov Type        Size  Object(Section)

    BuildAttributes$$THM_ISAv4$P$D$K$B$S$PE$A:L22UL41UL21$X:L11$S22US41US21$IEEE1$IW$~IW$USESV6$~STKCKD$USESV7$~SHL$OTIME$ROPI$IEEEX$EBA8$UX$STANDARDLIB$REQ8$PRES8$EABIv2 0x00000000   Number         0  anon$$obj.o ABSOLUTE
    __fp_init_empty                          0x00000000   Number         0  fpinit_empty.o ABSOLUTE
    __ARM_exceptions_init                     - Undefined Weak Reference
    __alloca_initialize                       - Undefined Weak Reference
    __arm_preinit_                            - Undefined Weak Reference
    __arm_relocate_pie_                       - Undefined Weak Reference
    __cpp_initialize__aeabi_                  - Undefined Weak Reference
    __cxa_finalize                            - Undefined Weak Reference
    __rt_locale                               - Undefined Weak Reference
    __sigvec_lookup                           - Undefined Weak Reference
    _atexit_init                              - Undefined Weak Reference
    _call_atexit_fns                          - Undefined Weak Reference
    _clock_init                               - Undefined Weak Reference
    _fp_trap_init                             - Undefined Weak Reference
    _fp_trap_shutdown                         - Undefined Weak Reference
    _get_lc_collate                           - Undefined Weak Reference
    _get_lc_ctype                             - Undefined Weak Reference
    _get_lc_monetary                          - Undefined Weak Reference
    _get_lc_numeric                           - Undefined Weak Reference
    _get_lc_time                              - Undefined Weak Reference
    _getenv_init                              - Undefined Weak Reference
    _handle_redirection                       - Undefined Weak Reference
    _init_alloc                               - Undefined Weak Reference
    _init_user_alloc                          - Undefined Weak Reference
    _initio                                   - Undefined Weak Reference
    _rand_init                                - Undefined Weak Reference
    _signal_finish                            - Undefined Weak Reference
    _signal_init                              - Undefined Weak Reference
    _terminate_alloc                          - Undefined Weak Reference
    _terminate_user_alloc                     - Undefined Weak Reference
    _terminateio                              - Undefined Weak Reference
    __Vectors_Size                           0x000000ec   Number         0  startup_stm32f10x_md.o ABSOLUTE
    __Vectors                                0x08000000   Data           4  startup_stm32f10x_md.o(RESET)
    __Vectors_End                            0x080000ec   Data           0  startup_stm32f10x_md.o(RESET)
    __main                                   0x080000ed   Thumb Code     8  __main.o(!!!main)
    __scatterload                            0x080000f5   Thumb Code     0  __scatter.o(!!!scatter)
    __scatterload_rt2                        0x080000f5   Thumb Code    44  __scatter.o(!!!scatter)
    __scatterload_rt2_thumb_only             0x080000f5   Thumb Code     0  __scatter.o(!!!scatter)
    __scatterload_null                       0x08000103   Thumb Code     0  __scatter.o(!!!scatter)
    __scatterload_copy                       0x08000129   Thumb Code    26  __scatter_copy.o(!!handler_copy)
    __scatterload_zeroinit                   0x08000145   Thumb Code    28  __scatter_zi.o(!!handler_zi)
    __rt_lib_init                            0x08000161   Thumb Code     0  libinit.o(.ARM.Collect$$libinit$$00000000)
    __rt_lib_init_alloca_1                   0x08000163   Thumb Code     0  libinit2.o(.ARM.Collect$$libinit$$00000030)
    __rt_lib_init_argv_1                     0x08000163   Thumb Code     0  libinit2.o(.ARM.Collect$$libinit$$0000002E)
    __rt_lib_init_atexit_1                   0x08000163   Thumb Code     0  libinit2.o(.ARM.Collect$$libinit$$0000001D)
    __rt_lib_init_clock_1                    0x08000163   Thumb Code     0  libinit2.o(.ARM.Collect$$libinit$$00000023)
    __rt_lib_init_cpp_1                      0x08000163   Thumb Code     0  libinit2.o(.ARM.Collect$$libinit$$00000034)
    __rt_lib_init_exceptions_1               0x08000163   Thumb Code     0  libinit2.o(.ARM.Collect$$libinit$$00000032)
    __rt_lib_init_fp_1                       0x08000163   Thumb Code     0  libinit2.o(.ARM.Collect$$libinit$$00000002)
    __rt_lib_init_fp_trap_1                  0x08000163   Thumb Code     0  libinit2.o(.ARM.Collect$$libinit$$00000021)
    __rt_lib_init_getenv_1                   0x08000163   Thumb Code     0  libinit2.o(.ARM.Collect$$libinit$$00000025)
    __rt_lib_init_heap_1                     0x08000163   Thumb Code     0  libinit2.o(.ARM.Collect$$libinit$$0000000C)
    __rt_lib_init_lc_collate_1               0x08000163   Thumb Code     0  libinit2.o(.ARM.Collect$$libinit$$00000013)
    __rt_lib_init_lc_ctype_1                 0x08000163   Thumb Code     0  libinit2.o(.ARM.Collect$$libinit$$00000015)
    __rt_lib_init_lc_monetary_1              0x08000163   Thumb Code     0  libinit2.o(.ARM.Collect$$libinit$$00000017)
    __rt_lib_init_lc_numeric_1               0x08000163   Thumb Code     0  libinit2.o(.ARM.Collect$$libinit$$00000019)
    __rt_lib_init_lc_time_1                  0x08000163   Thumb Code     0  libinit2.o(.ARM.Collect$$libinit$$0000001B)
    __rt_lib_init_preinit_1                  0x08000163   Thumb Code     0  libinit2.o(.ARM.Collect$$libinit$$00000006)
    __rt_lib_init_rand_1                     0x08000163   Thumb Code     0  libinit2.o(.ARM.Collect$$libinit$$00000010)
    __rt_lib_init_relocate_pie_1             0x08000163   Thumb Code     0  libinit2.o(.ARM.Collect$$libinit$$00000004)
    __rt_lib_init_return                     0x08000163   Thumb Code     0  libinit2.o(.ARM.Collect$$libinit$$00000035)
    __rt_lib_init_signal_1                   0x08000163   Thumb Code     0  libinit2.o(.ARM.Collect$$libinit$$0000001F)
    __rt_lib_init_stdio_1                    0x08000163   Thumb Code     0  libinit2.o(.ARM.Collect$$libinit$$00000027)
    __rt_lib_init_user_alloc_1               0x08000163   Thumb Code     0  libinit2.o(.ARM.Collect$$libinit$$0000000E)
    __rt_lib_shutdown                        0x08000165   Thumb Code     0  libshutdown.o(.ARM.Collect$$libshutdown$$00000000)
    __rt_lib_shutdown_cpp_1                  0x08000167   Thumb Code     0  libshutdown2.o(.ARM.Collect$$libshutdown$$00000002)
    __rt_lib_shutdown_fp_trap_1              0x08000167   Thumb Code     0  libshutdown2.o(.ARM.Collect$$libshutdown$$00000007)
    __rt_lib_shutdown_heap_1                 0x08000167   Thumb Code     0  libshutdown2.o(.ARM.Collect$$libshutdown$$0000000F)
    __rt_lib_shutdown_return                 0x08000167   Thumb Code     0  libshutdown2.o(.ARM.Collect$$libshutdown$$00000010)
    __rt_lib_shutdown_signal_1               0x08000167   Thumb Code     0  libshutdown2.o(.ARM.Collect$$libshutdown$$0000000A)
    __rt_lib_shutdown_stdio_1                0x08000167   Thumb Code     0  libshutdown2.o(.ARM.Collect$$libshutdown$$00000004)
    __rt_lib_shutdown_user_alloc_1           0x08000167   Thumb Code     0  libshutdown2.o(.ARM.Collect$$libshutdown$$0000000C)
    __rt_entry                               0x08000169   Thumb Code     0  __rtentry.o(.ARM.Collect$$rtentry$$00000000)
    __rt_entry_presh_1                       0x08000169   Thumb Code     0  __rtentry2.o(.ARM.Collect$$rtentry$$00000002)
    __rt_entry_sh                            0x08000169   Thumb Code     0  __rtentry4.o(.ARM.Collect$$rtentry$$00000004)
    __rt_entry_li                            0x0800016f   Thumb Code     0  __rtentry2.o(.ARM.Collect$$rtentry$$0000000A)
    __rt_entry_postsh_1                      0x0800016f   Thumb Code     0  __rtentry2.o(.ARM.Collect$$rtentry$$00000009)
    __rt_entry_main                          0x08000173   Thumb Code     0  __rtentry2.o(.ARM.Collect$$rtentry$$0000000D)
    __rt_entry_postli_1                      0x08000173   Thumb Code     0  __rtentry2.o(.ARM.Collect$$rtentry$$0000000C)
    __rt_exit                                0x0800017b   Thumb Code     0  rtexit.o(.ARM.Collect$$rtexit$$00000000)
    __rt_exit_ls                             0x0800017d   Thumb Code     0  rtexit2.o(.ARM.Collect$$rtexit$$00000003)
    __rt_exit_prels_1                        0x0800017d   Thumb Code     0  rtexit2.o(.ARM.Collect$$rtexit$$00000002)
    __rt_exit_exit                           0x08000181   Thumb Code     0  rtexit2.o(.ARM.Collect$$rtexit$$00000004)
    low_pass                                 0x08000189   Thumb Code   110  main.o(.text)
    generate_twiddle_factors                 0x080001f9   Thumb Code   110  main.o(.text)
    TIM3_IRQHandler                          0x08000269   Thumb Code   224  main.o(.text)
    write_pwm                                0x08000349   Thumb Code    10  main.o(.text)
    main                                     0x08000355   Thumb Code   652  main.o(.text)
    init_adc_dma                             0x080005e1   Thumb Code   260  main.o(.text)
    init_timer                               0x080006e5   Thumb Code    74  main.o(.text)
    init_pwm                                 0x08000731   Thumb Code   110  main.o(.text)
    init_lcd                                 0x080007a1   Thumb Code    40  main.o(.text)
    mag_to_buf                               0x080007c9   Thumb Code   142  main.o(.text)
    ifft                                     0x08000859   Thumb Code   614  main.o(.text)
    lcd_update                               0x08000ac1   Thumb Code    84  main.o(.text)
    read_adc                                 0x08000b15   Thumb Code    56  main.o(.text)
    fft                                      0x08000b4d   Thumb Code   474  main.o(.text)
    lcd16x2_init                             0x08000d29   Thumb Code   698  lcd16x2.o(.text)
    lcd16x2_write_command                    0x08000fe5   Thumb Code    18  lcd16x2.o(.text)
    lcd16x2_clrscr                           0x08000ff9   Thumb Code   162  lcd16x2.o(.text)
    lcd16x2_entry_inc                        0x0800109d   Thumb Code   166  lcd16x2.o(.text)
    lcd16x2_write_data                       0x0800136d   Thumb Code    18  lcd16x2.o(.text)
    lcd16x2_home                             0x08001381   Thumb Code   162  lcd16x2.o(.text)
    lcd16x2_gotoxy                           0x08001425   Thumb Code    26  lcd16x2.o(.text)
    lcd16x2_getxy                            0x08001441   Thumb Code     2  lcd16x2.o(.text)
    lcd16x2_entry_dec                        0x08001445   Thumb Code   162  lcd16x2.o(.text)
    lcd16x2_entry_inc_shift                  0x080014e9   Thumb Code   170  lcd16x2.o(.text)
    lcd16x2_entry_dec_shift                  0x08001595   Thumb Code   166  lcd16x2.o(.text)
    lcd16x2_display_on                       0x0800163d   Thumb Code    36  lcd16x2.o(.text)
    lcd16x2_display_off                      0x08001661   Thumb Code    38  lcd16x2.o(.text)
    lcd16x2_cursor_on                        0x08001689   Thumb Code    36  lcd16x2.o(.text)
    lcd16x2_cursor_off                       0x080016ad   Thumb Code    38  lcd16x2.o(.text)
    lcd16x2_blink_on                         0x080016d5   Thumb Code    36  lcd16x2.o(.text)
    lcd16x2_blink_off                        0x080016f9   Thumb Code    38  lcd16x2.o(.text)
    lcd16x2_display_shift_left               0x08001721   Thumb Code   166  lcd16x2.o(.text)
    lcd16x2_display_shift_right              0x080017c9   Thumb Code   170  lcd16x2.o(.text)
    lcd16x2_cursor_shift_left                0x08001875   Thumb Code   162  lcd16x2.o(.text)
    lcd16x2_cursor_shift_right               0x08001919   Thumb Code   166  lcd16x2.o(.text)
    lcd16x2_putc                             0x080019c1   Thumb Code   296  lcd16x2.o(.text)
    lcd16x2_puts                             0x08001ae9   Thumb Code    28  lcd16x2.o(.text)
    lcd16x2_create_custom_char               0x08001b05   Thumb Code    50  lcd16x2.o(.text)
    lcd16x2_put_custom_char                  0x08001b39   Thumb Code    42  lcd16x2.o(.text)
    SysTick_Handler                          0x08001b65   Thumb Code    24  delay.o(.text)
    DelayInit                                0x08001b7d   Thumb Code    76  delay.o(.text)
    DelayUs                                  0x08001bc9   Thumb Code    20  delay.o(.text)
    DelayMs                                  0x08001bdd   Thumb Code    34  delay.o(.text)
    DMA_DeInit                               0x08001c01   Thumb Code   268  stm32f10x_dma.o(.text)
    DMA_Init                                 0x08001d0d   Thumb Code    72  stm32f10x_dma.o(.text)
    DMA_StructInit                           0x08001d55   Thumb Code    10  stm32f10x_dma.o(.text)
    DMA_Cmd                                  0x08001d61   Thumb Code    22  stm32f10x_dma.o(.text)
    DMA_ITConfig                             0x08001d79   Thumb Code    16  stm32f10x_dma.o(.text)
    DMA_SetCurrDataCounter                   0x08001d89   Thumb Code     4  stm32f10x_dma.o(.text)
    DMA_GetCurrDataCounter                   0x08001d8d   Thumb Code     6  stm32f10x_dma.o(.text)
    DMA_GetFlagStatus                        0x08001d95   Thumb Code    22  stm32f10x_dma.o(.text)
    DMA_ClearFlag                            0x08001dad   Thumb Code    16  stm32f10x_dma.o(.text)
    DMA_GetITStatus                          0x08001dbd   Thumb Code    22  stm32f10x_dma.o(.text)
    DMA_ClearITPendingBit                    0x08001dd5   Thumb Code    16  stm32f10x_dma.o(.text)
    NVIC_PriorityGroupConfig                 0x08001de5   Thumb Code    20  misc.o(.text)
    NVIC_Init                                0x08001df9   Thumb Code    94  misc.o(.text)
    NVIC_SetVectorTable                      0x08001e59   Thumb Code    24  misc.o(.text)
    NVIC_SystemLPConfig                      0x08001e71   Thumb Code    24  misc.o(.text)
    SysTick_CLKSourceConfig                  0x08001e89   Thumb Code    24  misc.o(.text)
    ADC_DeInit                               0x08001ea1   Thumb Code    76  stm32f10x_adc.o(.text)
    ADC_Init                                 0x08001eed   Thumb Code    84  stm32f10x_adc.o(.text)
    ADC_StructInit                           0x08001f41   Thumb Code    16  stm32f10x_adc.o(.text)
    ADC_Cmd                                  0x08001f51   Thumb Code    16  stm32f10x_adc.o(.text)
    ADC_DMACmd                               0x08001f61   Thumb Code    18  stm32f10x_adc.o(.text)
    ADC_ITConfig                             0x08001f75   Thumb Code    18  stm32f10x_adc.o(.text)
    ADC_ResetCalibration                     0x08001f89   Thumb Code    10  stm32f10x_adc.o(.text)
    ADC_GetResetCalibrationStatus            0x08001f95   Thumb Code     8  stm32f10x_adc.o(.text)
    ADC_StartCalibration                     0x08001f9d   Thumb Code    10  stm32f10x_adc.o(.text)
    ADC_GetCalibrationStatus                 0x08001fa9   Thumb Code     8  stm32f10x_adc.o(.text)
    ADC_SoftwareStartConvCmd                 0x08001fb1   Thumb Code    18  stm32f10x_adc.o(.text)
    ADC_GetSoftwareStartConvStatus           0x08001fc5   Thumb Code     8  stm32f10x_adc.o(.text)
    ADC_DiscModeChannelCountConfig           0x08001fcd   Thumb Code    24  stm32f10x_adc.o(.text)
    ADC_DiscModeCmd                          0x08001fe5   Thumb Code    18  stm32f10x_adc.o(.text)
    ADC_RegularChannelConfig                 0x08001ff9   Thumb Code    96  stm32f10x_adc.o(.text)
    ADC_ExternalTrigConvCmd                  0x08002059   Thumb Code    18  stm32f10x_adc.o(.text)
    ADC_GetConversionValue                   0x0800206d   Thumb Code     6  stm32f10x_adc.o(.text)
    ADC_GetDualModeConversionValue           0x08002075   Thumb Code    12  stm32f10x_adc.o(.text)
    ADC_AutoInjectedConvCmd                  0x08002081   Thumb Code    18  stm32f10x_adc.o(.text)
    ADC_InjectedDiscModeCmd                  0x08002095   Thumb Code    18  stm32f10x_adc.o(.text)
    ADC_ExternalTrigInjectedConvConfig       0x080020a9   Thumb Code    12  stm32f10x_adc.o(.text)
    ADC_ExternalTrigInjectedConvCmd          0x080020b5   Thumb Code    18  stm32f10x_adc.o(.text)
    ADC_SoftwareStartInjectedConvCmd         0x080020c9   Thumb Code    18  stm32f10x_adc.o(.text)
    ADC_GetSoftwareStartInjectedConvCmdStatus 0x080020dd   Thumb Code     8  stm32f10x_adc.o(.text)
    ADC_InjectedChannelConfig                0x080020e5   Thumb Code    78  stm32f10x_adc.o(.text)
    ADC_InjectedSequencerLengthConfig        0x08002135   Thumb Code    22  stm32f10x_adc.o(.text)
    ADC_SetInjectedOffset                    0x0800214d   Thumb Code    22  stm32f10x_adc.o(.text)
    ADC_GetInjectedConversionValue           0x08002165   Thumb Code    26  stm32f10x_adc.o(.text)
    ADC_AnalogWatchdogCmd                    0x08002181   Thumb Code    18  stm32f10x_adc.o(.text)
    ADC_AnalogWatchdogThresholdsConfig       0x08002195   Thumb Code     6  stm32f10x_adc.o(.text)
    ADC_AnalogWatchdogSingleChannelConfig    0x0800219d   Thumb Code    12  stm32f10x_adc.o(.text)
    ADC_TempSensorVrefintCmd                 0x080021a9   Thumb Code    26  stm32f10x_adc.o(.text)
    ADC_GetFlagStatus                        0x080021c5   Thumb Code    10  stm32f10x_adc.o(.text)
    ADC_ClearFlag                            0x080021d1   Thumb Code     6  stm32f10x_adc.o(.text)
    ADC_GetITStatus                          0x080021d9   Thumb Code    28  stm32f10x_adc.o(.text)
    ADC_ClearITPendingBit                    0x080021f5   Thumb Code     8  stm32f10x_adc.o(.text)
    GPIO_DeInit                              0x080021fd   Thumb Code    52  stm32f10x_gpio.o(.text)
    GPIO_AFIODeInit                          0x08002231   Thumb Code    22  stm32f10x_gpio.o(.text)
    GPIO_Init                                0x08002249   Thumb Code   192  stm32f10x_gpio.o(.text)
    GPIO_StructInit                          0x08002309   Thumb Code    12  stm32f10x_gpio.o(.text)
    GPIO_ReadInputDataBit                    0x08002315   Thumb Code    10  stm32f10x_gpio.o(.text)
    GPIO_ReadInputData                       0x08002321   Thumb Code     6  stm32f10x_gpio.o(.text)
    GPIO_ReadOutputDataBit                   0x08002329   Thumb Code    10  stm32f10x_gpio.o(.text)
    GPIO_ReadOutputData                      0x08002335   Thumb Code     6  stm32f10x_gpio.o(.text)
    GPIO_SetBits                             0x0800233d   Thumb Code     4  stm32f10x_gpio.o(.text)
    GPIO_ResetBits                           0x08002341   Thumb Code     4  stm32f10x_gpio.o(.text)
    GPIO_WriteBit                            0x08002345   Thumb Code    12  stm32f10x_gpio.o(.text)
    GPIO_Write                               0x08002351   Thumb Code     4  stm32f10x_gpio.o(.text)
    GPIO_PinLockConfig                       0x08002355   Thumb Code    16  stm32f10x_gpio.o(.text)
    GPIO_EventOutputConfig                   0x08002365   Thumb Code    30  stm32f10x_gpio.o(.text)
    GPIO_EventOutputCmd                      0x08002385   Thumb Code    10  stm32f10x_gpio.o(.text)
    GPIO_PinRemapConfig                      0x08002391   Thumb Code   122  stm32f10x_gpio.o(.text)
    GPIO_EXTILineConfig                      0x0800240d   Thumb Code    46  stm32f10x_gpio.o(.text)
    GPIO_ETH_MediaInterfaceConfig            0x0800243d   Thumb Code    10  stm32f10x_gpio.o(.text)
    RCC_DeInit                               0x08002449   Thumb Code    66  stm32f10x_rcc.o(.text)
    RCC_HSEConfig                            0x0800248d   Thumb Code    50  stm32f10x_rcc.o(.text)
    RCC_WaitForHSEStartUp                    0x080024c1   Thumb Code    48  stm32f10x_rcc.o(.text)
    RCC_GetFlagStatus                        0x080024f1   Thumb Code    38  stm32f10x_rcc.o(.text)
    RCC_AdjustHSICalibrationValue            0x08002519   Thumb Code    22  stm32f10x_rcc.o(.text)
    RCC_HSICmd                               0x08002531   Thumb Code    10  stm32f10x_rcc.o(.text)
    RCC_PLLConfig                            0x0800253d   Thumb Code    22  stm32f10x_rcc.o(.text)
    RCC_PLLCmd                               0x08002555   Thumb Code    10  stm32f10x_rcc.o(.text)
    RCC_SYSCLKConfig                         0x08002561   Thumb Code    20  stm32f10x_rcc.o(.text)
    RCC_GetSYSCLKSource                      0x08002575   Thumb Code    16  stm32f10x_rcc.o(.text)
    RCC_HCLKConfig                           0x08002585   Thumb Code    20  stm32f10x_rcc.o(.text)
    RCC_PCLK1Config                          0x08002599   Thumb Code    20  stm32f10x_rcc.o(.text)
    RCC_PCLK2Config                          0x080025ad   Thumb Code    22  stm32f10x_rcc.o(.text)
    RCC_ITConfig                             0x080025c5   Thumb Code    24  stm32f10x_rcc.o(.text)
    RCC_USBCLKConfig                         0x080025dd   Thumb Code    10  stm32f10x_rcc.o(.text)
    RCC_ADCCLKConfig                         0x080025e9   Thumb Code    20  stm32f10x_rcc.o(.text)
    RCC_LSEConfig                            0x080025fd   Thumb Code    30  stm32f10x_rcc.o(.text)
    RCC_LSICmd                               0x0800261d   Thumb Code    12  stm32f10x_rcc.o(.text)
    RCC_RTCCLKConfig                         0x08002629   Thumb Code    16  stm32f10x_rcc.o(.text)
    RCC_RTCCLKCmd                            0x08002639   Thumb Code    12  stm32f10x_rcc.o(.text)
    RCC_GetClocksFreq                        0x08002645   Thumb Code   160  stm32f10x_rcc.o(.text)
    RCC_AHBPeriphClockCmd                    0x080026e5   Thumb Code    24  stm32f10x_rcc.o(.text)
    RCC_APB2PeriphClockCmd                   0x080026fd   Thumb Code    24  stm32f10x_rcc.o(.text)
    RCC_APB1PeriphClockCmd                   0x08002715   Thumb Code    24  stm32f10x_rcc.o(.text)
    RCC_APB2PeriphResetCmd                   0x0800272d   Thumb Code    24  stm32f10x_rcc.o(.text)
    RCC_APB1PeriphResetCmd                   0x08002745   Thumb Code    24  stm32f10x_rcc.o(.text)
    RCC_BackupResetCmd                       0x0800275d   Thumb Code    12  stm32f10x_rcc.o(.text)
    RCC_ClockSecuritySystemCmd               0x08002769   Thumb Code    10  stm32f10x_rcc.o(.text)
    RCC_MCOConfig                            0x08002775   Thumb Code    12  stm32f10x_rcc.o(.text)
    RCC_ClearFlag                            0x08002781   Thumb Code    18  stm32f10x_rcc.o(.text)
    RCC_GetITStatus                          0x08002795   Thumb Code    18  stm32f10x_rcc.o(.text)
    RCC_ClearITPendingBit                    0x080027a9   Thumb Code    12  stm32f10x_rcc.o(.text)
    TIM_DeInit                               0x080027b5   Thumb Code   560  stm32f10x_tim.o(.text)
    TIM_TimeBaseInit                         0x080029e5   Thumb Code   170  stm32f10x_tim.o(.text)
    TIM_OC1Init                              0x08002a91   Thumb Code   112  stm32f10x_tim.o(.text)
    TIM_OC2Init                              0x08002b01   Thumb Code   116  stm32f10x_tim.o(.text)
    TIM_OC3Init                              0x08002b75   Thumb Code   116  stm32f10x_tim.o(.text)
    TIM_OC4Init                              0x08002be9   Thumb Code    92  stm32f10x_tim.o(.text)
    TIM_ICInit                               0x08002c45   Thumb Code   672  stm32f10x_tim.o(.text)
    TIM_SetIC1Prescaler                      0x08002ee5   Thumb Code    16  stm32f10x_tim.o(.text)
    TIM_SetIC2Prescaler                      0x08002ef5   Thumb Code    18  stm32f10x_tim.o(.text)
    TIM_SetIC3Prescaler                      0x08002f09   Thumb Code    16  stm32f10x_tim.o(.text)
    TIM_SetIC4Prescaler                      0x08002f19   Thumb Code    18  stm32f10x_tim.o(.text)
    TIM_PWMIConfig                           0x08002f2d   Thumb Code   596  stm32f10x_tim.o(.text)
    TIM_BDTRConfig                           0x08003181   Thumb Code    40  stm32f10x_tim.o(.text)
    TIM_TimeBaseStructInit                   0x080031a9   Thumb Code    20  stm32f10x_tim.o(.text)
    TIM_OCStructInit                         0x080031bd   Thumb Code    12  stm32f10x_tim.o(.text)
    TIM_ICStructInit                         0x080031c9   Thumb Code    12  stm32f10x_tim.o(.text)
    TIM_BDTRStructInit                       0x080031d5   Thumb Code    12  stm32f10x_tim.o(.text)
    TIM_Cmd                                  0x080031e1   Thumb Code    18  stm32f10x_tim.o(.text)
    TIM_CtrlPWMOutputs                       0x080031f5   Thumb Code    24  stm32f10x_tim.o(.text)
    TIM_ITConfig                             0x0800320d   Thumb Code    16  stm32f10x_tim.o(.text)
    TIM_GenerateEvent                        0x0800321d   Thumb Code     4  stm32f10x_tim.o(.text)
    TIM_DMAConfig                            0x08003221   Thumb Code     8  stm32f10x_tim.o(.text)
    TIM_DMACmd                               0x08003229   Thumb Code    16  stm32f10x_tim.o(.text)
    TIM_InternalClockConfig                  0x08003239   Thumb Code    10  stm32f10x_tim.o(.text)
    TIM_ITRxExternalClockConfig              0x08003245   Thumb Code    20  stm32f10x_tim.o(.text)
    TIM_SelectInputTrigger                   0x08003259   Thumb Code    12  stm32f10x_tim.o(.text)
    TIM_TIxExternalClockConfig               0x08003265   Thumb Code   280  stm32f10x_tim.o(.text)
    TIM_ETRClockMode1Config                  0x0800337d   Thumb Code    30  stm32f10x_tim.o(.text)
    TIM_ETRConfig                            0x0800339d   Thumb Code    22  stm32f10x_tim.o(.text)
    TIM_ETRClockMode2Config                  0x080033b5   Thumb Code    30  stm32f10x_tim.o(.text)
    TIM_PrescalerConfig                      0x080033d5   Thumb Code     6  stm32f10x_tim.o(.text)
    TIM_CounterModeConfig                    0x080033dd   Thumb Code    12  stm32f10x_tim.o(.text)
    TIM_EncoderInterfaceConfig               0x080033e9   Thumb Code    48  stm32f10x_tim.o(.text)
    TIM_ForcedOC1Config                      0x08003419   Thumb Code    12  stm32f10x_tim.o(.text)
    TIM_ForcedOC2Config                      0x08003425   Thumb Code    14  stm32f10x_tim.o(.text)
    TIM_ForcedOC3Config                      0x08003435   Thumb Code    12  stm32f10x_tim.o(.text)
    TIM_ForcedOC4Config                      0x08003441   Thumb Code    14  stm32f10x_tim.o(.text)
    TIM_ARRPreloadConfig                     0x08003451   Thumb Code    20  stm32f10x_tim.o(.text)
    TIM_SelectCOM                            0x08003465   Thumb Code    20  stm32f10x_tim.o(.text)
    TIM_SelectCCDMA                          0x08003479   Thumb Code    20  stm32f10x_tim.o(.text)
    TIM_CCPreloadControl                     0x0800348d   Thumb Code    18  stm32f10x_tim.o(.text)
    TIM_OC1PreloadConfig                     0x080034a1   Thumb Code    12  stm32f10x_tim.o(.text)
    TIM_OC2PreloadConfig                     0x080034ad   Thumb Code    14  stm32f10x_tim.o(.text)
    TIM_OC3PreloadConfig                     0x080034bd   Thumb Code    12  stm32f10x_tim.o(.text)
    TIM_OC4PreloadConfig                     0x080034c9   Thumb Code    14  stm32f10x_tim.o(.text)
    TIM_OC1FastConfig                        0x080034d9   Thumb Code    12  stm32f10x_tim.o(.text)
    TIM_OC2FastConfig                        0x080034e5   Thumb Code    14  stm32f10x_tim.o(.text)
    TIM_OC3FastConfig                        0x080034f5   Thumb Code    12  stm32f10x_tim.o(.text)
    TIM_OC4FastConfig                        0x08003501   Thumb Code    14  stm32f10x_tim.o(.text)
    TIM_ClearOC1Ref                          0x08003511   Thumb Code    12  stm32f10x_tim.o(.text)
    TIM_ClearOC2Ref                          0x0800351d   Thumb Code    14  stm32f10x_tim.o(.text)
    TIM_ClearOC3Ref                          0x0800352d   Thumb Code    12  stm32f10x_tim.o(.text)
    TIM_ClearOC4Ref                          0x08003539   Thumb Code    14  stm32f10x_tim.o(.text)
    TIM_OC1PolarityConfig                    0x08003549   Thumb Code    12  stm32f10x_tim.o(.text)
    TIM_OC1NPolarityConfig                   0x08003555   Thumb Code    12  stm32f10x_tim.o(.text)
    TIM_OC2PolarityConfig                    0x08003561   Thumb Code    14  stm32f10x_tim.o(.text)
    TIM_OC2NPolarityConfig                   0x08003571   Thumb Code    14  stm32f10x_tim.o(.text)
    TIM_OC3PolarityConfig                    0x08003581   Thumb Code    14  stm32f10x_tim.o(.text)
    TIM_OC3NPolarityConfig                   0x08003591   Thumb Code    14  stm32f10x_tim.o(.text)
    TIM_OC4PolarityConfig                    0x080035a1   Thumb Code    14  stm32f10x_tim.o(.text)
    TIM_CCxCmd                               0x080035b1   Thumb Code    32  stm32f10x_tim.o(.text)
    TIM_CCxNCmd                              0x080035d1   Thumb Code    32  stm32f10x_tim.o(.text)
    TIM_SelectOCxM                           0x080035f1   Thumb Code    82  stm32f10x_tim.o(.text)
    TIM_UpdateDisableConfig                  0x08003645   Thumb Code    20  stm32f10x_tim.o(.text)
    TIM_UpdateRequestConfig                  0x08003659   Thumb Code    20  stm32f10x_tim.o(.text)
    TIM_SelectHallSensor                     0x0800366d   Thumb Code    20  stm32f10x_tim.o(.text)
    TIM_SelectOnePulseMode                   0x08003681   Thumb Code    16  stm32f10x_tim.o(.text)
    TIM_SelectOutputTrigger                  0x08003691   Thumb Code    16  stm32f10x_tim.o(.text)
    TIM_SelectSlaveMode                      0x080036a1   Thumb Code    16  stm32f10x_tim.o(.text)
    TIM_SelectMasterSlaveMode                0x080036b1   Thumb Code    16  stm32f10x_tim.o(.text)
    TIM_SetCounter                           0x080036c1   Thumb Code     4  stm32f10x_tim.o(.text)
    TIM_SetAutoreload                        0x080036c5   Thumb Code     4  stm32f10x_tim.o(.text)
    TIM_SetCompare1                          0x080036c9   Thumb Code     4  stm32f10x_tim.o(.text)
    TIM_SetCompare2                          0x080036cd   Thumb Code     4  stm32f10x_tim.o(.text)
    TIM_SetCompare3                          0x080036d1   Thumb Code     4  stm32f10x_tim.o(.text)
    TIM_SetCompare4                          0x080036d5   Thumb Code     6  stm32f10x_tim.o(.text)
    TIM_SetClockDivision                     0x080036dd   Thumb Code    16  stm32f10x_tim.o(.text)
    TIM_GetCapture1                          0x080036ed   Thumb Code     4  stm32f10x_tim.o(.text)
    TIM_GetCapture2                          0x080036f1   Thumb Code     4  stm32f10x_tim.o(.text)
    TIM_GetCapture3                          0x080036f5   Thumb Code     4  stm32f10x_tim.o(.text)
    TIM_GetCapture4                          0x080036f9   Thumb Code     6  stm32f10x_tim.o(.text)
    TIM_GetCounter                           0x08003701   Thumb Code     4  stm32f10x_tim.o(.text)
    TIM_GetPrescaler                         0x08003705   Thumb Code     4  stm32f10x_tim.o(.text)
    TIM_GetFlagStatus                        0x08003709   Thumb Code    10  stm32f10x_tim.o(.text)
    TIM_ClearFlag                            0x08003715   Thumb Code     6  stm32f10x_tim.o(.text)
    TIM_GetITStatus                          0x0800371d   Thumb Code    24  stm32f10x_tim.o(.text)
    TIM_ClearITPendingBit                    0x08003735   Thumb Code     6  stm32f10x_tim.o(.text)
    Reset_Handler                            0x0800373d   Thumb Code     8  startup_stm32f10x_md.o(.text)
    NMI_Handler                              0x08003745   Thumb Code     2  startup_stm32f10x_md.o(.text)
    HardFault_Handler                        0x08003747   Thumb Code     2  startup_stm32f10x_md.o(.text)
    MemManage_Handler                        0x08003749   Thumb Code     2  startup_stm32f10x_md.o(.text)
    BusFault_Handler                         0x0800374b   Thumb Code     2  startup_stm32f10x_md.o(.text)
    UsageFault_Handler                       0x0800374d   Thumb Code     2  startup_stm32f10x_md.o(.text)
    SVC_Handler                              0x0800374f   Thumb Code     2  startup_stm32f10x_md.o(.text)
    DebugMon_Handler                         0x08003751   Thumb Code     2  startup_stm32f10x_md.o(.text)
    PendSV_Handler                           0x08003753   Thumb Code     2  startup_stm32f10x_md.o(.text)
    ADC1_2_IRQHandler                        0x08003757   Thumb Code     0  startup_stm32f10x_md.o(.text)
    CAN1_RX1_IRQHandler                      0x08003757   Thumb Code     0  startup_stm32f10x_md.o(.text)
    CAN1_SCE_IRQHandler                      0x08003757   Thumb Code     0  startup_stm32f10x_md.o(.text)
    DMA1_Channel1_IRQHandler                 0x08003757   Thumb Code     0  startup_stm32f10x_md.o(.text)
    DMA1_Channel2_IRQHandler                 0x08003757   Thumb Code     0  startup_stm32f10x_md.o(.text)
    DMA1_Channel3_IRQHandler                 0x08003757   Thumb Code     0  startup_stm32f10x_md.o(.text)
    DMA1_Channel4_IRQHandler                 0x08003757   Thumb Code     0  startup_stm32f10x_md.o(.text)
    DMA1_Channel5_IRQHandler                 0x08003757   Thumb Code     0  startup_stm32f10x_md.o(.text)
    DMA1_Channel6_IRQHandler                 0x08003757   Thumb Code     0  startup_stm32f10x_md.o(.text)
    DMA1_Channel7_IRQHandler                 0x08003757   Thumb Code     0  startup_stm32f10x_md.o(.text)
    EXTI0_IRQHandler                         0x08003757   Thumb Code     0  startup_stm32f10x_md.o(.text)
    EXTI15_10_IRQHandler                     0x08003757   Thumb Code     0  startup_stm32f10x_md.o(.text)
    EXTI1_IRQHandler                         0x08003757   Thumb Code     0  startup_stm32f10x_md.o(.text)
    EXTI2_IRQHandler                         0x08003757   Thumb Code     0  startup_stm32f10x_md.o(.text)
    EXTI3_IRQHandler                         0x08003757   Thumb Code     0  startup_stm32f10x_md.o(.text)
    EXTI4_IRQHandler                         0x08003757   Thumb Code     0  startup_stm32f10x_md.o(.text)
    EXTI9_5_IRQHandler                       0x08003757   Thumb Code     0  startup_stm32f10x_md.o(.text)
    FLASH_IRQHandler                         0x08003757   Thumb Code     0  startup_stm32f10x_md.o(.text)
    I2C1_ER_IRQHandler                       0x08003757   Thumb Code     0  startup_stm32f10x_md.o(.text)
    I2C1_EV_IRQHandler                       0x08003757   Thumb Code     0  startup_stm32f10x_md.o(.text)
    I2C2_ER_IRQHandler                       0x08003757   Thumb Code     0  startup_stm32f10x_md.o(.text)
    I2C2_EV_IRQHandler                       0x08003757   Thumb Code     0  startup_stm32f10x_md.o(.text)
    PVD_IRQHandler                           0x08003757   Thumb Code     0  startup_stm32f10x_md.o(.text)
    RCC_IRQHandler                           0x08003757   Thumb Code     0  startup_stm32f10x_md.o(.text)
    RTCAlarm_IRQHandler                      0x08003757   Thumb Code     0  startup_stm32f10x_md.o(.text)
    RTC_IRQHandler                           0x08003757   Thumb Code     0  startup_stm32f10x_md.o(.text)
    SPI1_IRQHandler                          0x08003757   Thumb Code     0  startup_stm32f10x_md.o(.text)
    SPI2_IRQHandler                          0x08003757   Thumb Code     0  startup_stm32f10x_md.o(.text)
    TAMPER_IRQHandler                        0x08003757   Thumb Code     0  startup_stm32f10x_md.o(.text)
    TIM1_BRK_IRQHandler                      0x08003757   Thumb Code     0  startup_stm32f10x_md.o(.text)
    TIM1_CC_IRQHandler                       0x08003757   Thumb Code     0  startup_stm32f10x_md.o(.text)
    TIM1_TRG_COM_IRQHandler                  0x08003757   Thumb Code     0  startup_stm32f10x_md.o(.text)
    TIM1_UP_IRQHandler                       0x08003757   Thumb Code     0  startup_stm32f10x_md.o(.text)
    TIM2_IRQHandler                          0x08003757   Thumb Code     0  startup_stm32f10x_md.o(.text)
    TIM4_IRQHandler                          0x08003757   Thumb Code     0  startup_stm32f10x_md.o(.text)
    USART1_IRQHandler                        0x08003757   Thumb Code     0  startup_stm32f10x_md.o(.text)
    USART2_IRQHandler                        0x08003757   Thumb Code     0  startup_stm32f10x_md.o(.text)
    USART3_IRQHandler                        0x08003757   Thumb Code     0  startup_stm32f10x_md.o(.text)
    USBWakeUp_IRQHandler                     0x08003757   Thumb Code     0  startup_stm32f10x_md.o(.text)
    USB_HP_CAN1_TX_IRQHandler                0x08003757   Thumb Code     0  startup_stm32f10x_md.o(.text)
    USB_LP_CAN1_RX0_IRQHandler               0x08003757   Thumb Code     0  startup_stm32f10x_md.o(.text)
    WWDG_IRQHandler                          0x08003757   Thumb Code     0  startup_stm32f10x_md.o(.text)
    __user_initial_stackheap                 0x08003759   Thumb Code     0  startup_stm32f10x_md.o(.text)
    SystemInit                               0x0800377d   Thumb Code   272  system_stm32f10x.o(.text)
    SystemCoreClockUpdate                    0x0800388d   Thumb Code   110  system_stm32f10x.o(.text)
    __aeabi_memclr4                          0x080038fb   Thumb Code     0  rt_memclr_w.o(.text)
    __aeabi_memclr8                          0x080038fb   Thumb Code     0  rt_memclr_w.o(.text)
    __rt_memclr_w                            0x080038fb   Thumb Code     0  rt_memclr_w.o(.text)
    _memset_w                                0x080038ff   Thumb Code    74  rt_memclr_w.o(.text)
    __use_two_region_memory                  0x08003949   Thumb Code     2  heapauxi.o(.text)
    __rt_heap_escrow$2region                 0x0800394b   Thumb Code     2  heapauxi.o(.text)
    __rt_heap_expand$2region                 0x0800394d   Thumb Code     2  heapauxi.o(.text)
    __read_errno                             0x0800394f   Thumb Code    10  _rserrno.o(.text)
    __set_errno                              0x08003959   Thumb Code    12  _rserrno.o(.text)
    __aeabi_errno_addr                       0x08003965   Thumb Code     8  rt_errno_addr_intlibspace.o(.text)
    __errno$intlibspace                      0x08003965   Thumb Code     0  rt_errno_addr_intlibspace.o(.text)
    __rt_errno_addr$intlibspace              0x08003965   Thumb Code     0  rt_errno_addr_intlibspace.o(.text)
    __user_libspace                          0x0800396d   Thumb Code     8  libspace.o(.text)
    __user_perproc_libspace                  0x0800396d   Thumb Code     0  libspace.o(.text)
    __user_perthread_libspace                0x0800396d   Thumb Code     0  libspace.o(.text)
    __user_setup_stackheap                   0x08003975   Thumb Code    74  sys_stackheap_outer.o(.text)
    exit                                     0x080039bf   Thumb Code    18  exit.o(.text)
    _sys_exit                                0x080039d1   Thumb Code     8  sys_exit.o(.text)
    __I$use$semihosting                      0x080039dd   Thumb Code     0  use_no_semi.o(.text)
    __use_no_semihosting_swi                 0x080039dd   Thumb Code     2  use_no_semi.o(.text)
    __ARM_fpclassify                         0x080039df   Thumb Code    40  fpclassify.o(i.__ARM_fpclassify)
    __semihosting_library_function           0x080039df   Thumb Code     0  indicate_semi.o(.text)
    __ieee754_rem_pio2                       0x08003a09   Thumb Code   828  rred.o(i.__ieee754_rem_pio2)
    __kernel_cos                             0x08003d91   Thumb Code   230  cos_i.o(i.__kernel_cos)
    __kernel_poly                            0x08003e8d   Thumb Code   170  poly.o(i.__kernel_poly)
    __kernel_sin                             0x08003f39   Thumb Code   224  sin_i.o(i.__kernel_sin)
    __mathlib_dbl_infnan                     0x08004025   Thumb Code     6  dunder.o(i.__mathlib_dbl_infnan)
    __mathlib_dbl_invalid                    0x0800402b   Thumb Code    12  dunder.o(i.__mathlib_dbl_invalid)
    __mathlib_dbl_underflow                  0x08004039   Thumb Code    10  dunder.o(i.__mathlib_dbl_underflow)
    cos                                      0x08004049   Thumb Code   148  cos.o(i.cos)
    sin                                      0x080040e5   Thumb Code   150  sin.o(i.sin)
    sqrt                                     0x08004185   Thumb Code    76  sqrt.o(i.sqrt)
    __aeabi_d2f                              0x080041d1   Thumb Code     0  d2f.o(x$fpl$d2f)
    _d2f                                     0x080041d1   Thumb Code    98  d2f.o(x$fpl$d2f)
    __aeabi_dadd                             0x08004235   Thumb Code     0  daddsub_clz.o(x$fpl$dadd)
    _dadd                                    0x08004235   Thumb Code   332  daddsub_clz.o(x$fpl$dadd)
    __fpl_dcheck_NaN1                        0x08004385   Thumb Code    10  dcheck1.o(x$fpl$dcheck1)
    __aeabi_ddiv                             0x08004395   Thumb Code     0  ddiv.o(x$fpl$ddiv)
    _ddiv                                    0x08004395   Thumb Code   556  ddiv.o(x$fpl$ddiv)
    __aeabi_d2iz                             0x08004649   Thumb Code     0  dfix.o(x$fpl$dfix)
    _dfix                                    0x08004649   Thumb Code    94  dfix.o(x$fpl$dfix)
    __aeabi_i2d                              0x080046a7   Thumb Code     0  dflt_clz.o(x$fpl$dflt)
    _dflt                                    0x080046a7   Thumb Code    46  dflt_clz.o(x$fpl$dflt)
    __aeabi_ui2d                             0x080046d5   Thumb Code     0  dflt_clz.o(x$fpl$dfltu)
    _dfltu                                   0x080046d5   Thumb Code    38  dflt_clz.o(x$fpl$dfltu)
    __aeabi_dmul                             0x080046fd   Thumb Code     0  dmul.o(x$fpl$dmul)
    _dmul                                    0x080046fd   Thumb Code   332  dmul.o(x$fpl$dmul)
    __fpl_dnaninf                            0x08004851   Thumb Code   156  dnaninf.o(x$fpl$dnaninf)
    __fpl_dretinf                            0x080048ed   Thumb Code    12  dretinf.o(x$fpl$dretinf)
    __aeabi_drsub                            0x080048f9   Thumb Code     0  daddsub_clz.o(x$fpl$drsb)
    _drsb                                    0x080048f9   Thumb Code    22  daddsub_clz.o(x$fpl$drsb)
    _dsqrt                                   0x08004911   Thumb Code   456  dsqrt_noumaal.o(x$fpl$dsqrt)
    __aeabi_dsub                             0x08004add   Thumb Code     0  daddsub_clz.o(x$fpl$dsub)
    _dsub                                    0x08004add   Thumb Code   472  daddsub_clz.o(x$fpl$dsub)
    __aeabi_fadd                             0x08004cb9   Thumb Code     0  faddsub_clz.o(x$fpl$fadd)
    _fadd                                    0x08004cb9   Thumb Code   196  faddsub_clz.o(x$fpl$fadd)
    __aeabi_f2iz                             0x08004d7d   Thumb Code     0  ffix.o(x$fpl$ffix)
    _ffix                                    0x08004d7d   Thumb Code    54  ffix.o(x$fpl$ffix)
    __aeabi_i2f                              0x08004db5   Thumb Code     0  fflt_clz.o(x$fpl$fflt)
    _fflt                                    0x08004db5   Thumb Code    48  fflt_clz.o(x$fpl$fflt)
    __aeabi_ui2f                             0x08004de5   Thumb Code     0  fflt_clz.o(x$fpl$ffltu)
    _ffltu                                   0x08004de5   Thumb Code    38  fflt_clz.o(x$fpl$ffltu)
    __aeabi_fmul                             0x08004e0d   Thumb Code     0  fmul.o(x$fpl$fmul)
    _fmul                                    0x08004e0d   Thumb Code   258  fmul.o(x$fpl$fmul)
    __fpl_fnaninf                            0x08004f0f   Thumb Code   140  fnaninf.o(x$fpl$fnaninf)
    __fpl_fretinf                            0x08004f9b   Thumb Code    10  fretinf.o(x$fpl$fretinf)
    __aeabi_fsub                             0x08004fa5   Thumb Code     0  faddsub_clz.o(x$fpl$fsub)
    _fsub                                    0x08004fa5   Thumb Code   234  faddsub_clz.o(x$fpl$fsub)
    __fpl_return_NaN                         0x0800508f   Thumb Code   100  retnan.o(x$fpl$retnan)
    __ARM_scalbn                             0x080050f3   Thumb Code    92  scalbn.o(x$fpl$scalbn)
    __fpl_cmpreturn                          0x0800514f   Thumb Code    48  trapv.o(x$fpl$trapveneer)
    __I$use$fp                               0x0800517e   Number         0  usenofp.o(x$fpl$usenofp)
    AHBPrescTable                            0x080052c8   Data          16  system_stm32f10x.o(.rodata.AHBPrescTable)
    filter_coeffs                            0x080052e8   Data        1452  main.o(.rodata.filter_coeffs)
    Region$$Table$$Base                      0x08005894   Number         0  anon$$obj.o(Region$$Table)
    Region$$Table$$Limit                     0x080058b4   Number         0  anon$$obj.o(Region$$Table)
    SystemCoreClock                          0x20000000   Data           4  system_stm32f10x.o(.data.SystemCoreClock)
    bar_graph                                0x20000004   Data          64  main.o(.data.bar_graph)
    __libspace_start                         0x20000048   Data          96  libspace.o(.bss)
    GPIO_InitStruct                          0x200000a8   Data           4  lcd16x2.o(.bss.GPIO_InitStruct)
    __temporary_stack_top$libspace           0x200000a8   Data           0  libspace.o(.bss)
    IMAG_OUT                                 0x200000ac   Data         512  main.o(.bss.IMAG_OUT)
    IMX                                      0x200002ac   Data         512  main.o(.bss.IMX)
    MAG                                      0x200004ac   Data         256  main.o(.bss.MAG)
    MAG_OUT                                  0x200005ac   Data         256  main.o(.bss.MAG_OUT)
    REAL_OUT                                 0x200006ac   Data         512  main.o(.bss.REAL_OUT)
    REX                                      0x200008ac   Data         512  main.o(.bss.REX)
    adc_buffer                               0x20000aae   Data           4  main.o(.bss.adc_buffer)
    adc_value                                0x20000ab2   Data           2  main.o(.bss.adc_value)
    fft_cos_lookup                           0x20000ab8   Data         256  main.o(.bss.fft_cos_lookup)
    fft_sin_lookup                           0x20000bb8   Data         256  main.o(.bss.fft_sin_lookup)
    lcd_buf_bot                              0x20000cb8   Data         256  main.o(.bss.lcd_buf_bot)
    lcd_buf_top                              0x20000db8   Data         256  main.o(.bss.lcd_buf_top)
    n_count                                  0x20001464   Data           2  main.o(.bss.n_count)
    n_done                                   0x20001466   Data           2  main.o(.bss.n_done)
    pwm_buffer                               0x20001468   Data         256  main.o(.bss.pwm_buffer)
    pwm_index                                0x20001568   Data           2  main.o(.bss.pwm_index)
    pwm_ready                                0x2000156a   Data           2  main.o(.bss.pwm_ready)
    res_value                                0x2000156c   Data           2  main.o(.bss.res_value)



==============================================================================

Memory Map of the image

  Image Entry point : 0x080000ed

  Load Region LR_IROM1 (Base: 0x08000000, Size: 0x00005900, Max: 0x00010000, ABSOLUTE)

    Execution Region ER_IROM1 (Exec base: 0x08000000, Load base: 0x08000000, Size: 0x000058b4, Max: 0x00010000, ABSOLUTE)

    Exec Addr    Load Addr    Size         Type   Attr      Idx    E Section Name        Object

    0x08000000   0x08000000   0x000000ec   Data   RO          116    RESET               startup_stm32f10x_md.o
    0x080000ec   0x080000ec   0x00000008   Code   RO          139  * !!!main             c_w.l(__main.o)
    0x080000f4   0x080000f4   0x00000034   Code   RO          413    !!!scatter          c_w.l(__scatter.o)
    0x08000128   0x08000128   0x0000001a   Code   RO          415    !!handler_copy      c_w.l(__scatter_copy.o)
    0x08000142   0x08000142   0x00000002   PAD
    0x08000144   0x08000144   0x0000001c   Code   RO          417    !!handler_zi        c_w.l(__scatter_zi.o)
    0x08000160   0x08000160   0x00000002   Code   RO          272    .ARM.Collect$$libinit$$00000000  c_w.l(libinit.o)
    0x08000162   0x08000162   0x00000000   Code   RO          278    .ARM.Collect$$libinit$$00000002  c_w.l(libinit2.o)
    0x08000162   0x08000162   0x00000000   Code   RO          280    .ARM.Collect$$libinit$$00000004  c_w.l(libinit2.o)
    0x08000162   0x08000162   0x00000000   Code   RO          282    .ARM.Collect$$libinit$$00000006  c_w.l(libinit2.o)
    0x08000162   0x08000162   0x00000000   Code   RO          285    .ARM.Collect$$libinit$$0000000C  c_w.l(libinit2.o)
    0x08000162   0x08000162   0x00000000   Code   RO          287    .ARM.Collect$$libinit$$0000000E  c_w.l(libinit2.o)
    0x08000162   0x08000162   0x00000000   Code   RO          289    .ARM.Collect$$libinit$$00000010  c_w.l(libinit2.o)
    0x08000162   0x08000162   0x00000000   Code   RO          292    .ARM.Collect$$libinit$$00000013  c_w.l(libinit2.o)
    0x08000162   0x08000162   0x00000000   Code   RO          294    .ARM.Collect$$libinit$$00000015  c_w.l(libinit2.o)
    0x08000162   0x08000162   0x00000000   Code   RO          296    .ARM.Collect$$libinit$$00000017  c_w.l(libinit2.o)
    0x08000162   0x08000162   0x00000000   Code   RO          298    .ARM.Collect$$libinit$$00000019  c_w.l(libinit2.o)
    0x08000162   0x08000162   0x00000000   Code   RO          300    .ARM.Collect$$libinit$$0000001B  c_w.l(libinit2.o)
    0x08000162   0x08000162   0x00000000   Code   RO          302    .ARM.Collect$$libinit$$0000001D  c_w.l(libinit2.o)
    0x08000162   0x08000162   0x00000000   Code   RO          304    .ARM.Collect$$libinit$$0000001F  c_w.l(libinit2.o)
    0x08000162   0x08000162   0x00000000   Code   RO          306    .ARM.Collect$$libinit$$00000021  c_w.l(libinit2.o)
    0x08000162   0x08000162   0x00000000   Code   RO          308    .ARM.Collect$$libinit$$00000023  c_w.l(libinit2.o)
    0x08000162   0x08000162   0x00000000   Code   RO          310    .ARM.Collect$$libinit$$00000025  c_w.l(libinit2.o)
    0x08000162   0x08000162   0x00000000   Code   RO          312    .ARM.Collect$$libinit$$00000027  c_w.l(libinit2.o)
    0x08000162   0x08000162   0x00000000   Code   RO          316    .ARM.Collect$$libinit$$0000002E  c_w.l(libinit2.o)
    0x08000162   0x08000162   0x00000000   Code   RO          318    .ARM.Collect$$libinit$$00000030  c_w.l(libinit2.o)
    0x08000162   0x08000162   0x00000000   Code   RO          320    .ARM.Collect$$libinit$$00000032  c_w.l(libinit2.o)
    0x08000162   0x08000162   0x00000000   Code   RO          322    .ARM.Collect$$libinit$$00000034  c_w.l(libinit2.o)
    0x08000162   0x08000162   0x00000002   Code   RO          323    .ARM.Collect$$libinit$$00000035  c_w.l(libinit2.o)
    0x08000164   0x08000164   0x00000002   Code   RO          349    .ARM.Collect$$libshutdown$$00000000  c_w.l(libshutdown.o)
    0x08000166   0x08000166   0x00000000   Code   RO          364    .ARM.Collect$$libshutdown$$00000002  c_w.l(libshutdown2.o)
    0x08000166   0x08000166   0x00000000   Code   RO          366    .ARM.Collect$$libshutdown$$00000004  c_w.l(libshutdown2.o)
    0x08000166   0x08000166   0x00000000   Code   RO          369    .ARM.Collect$$libshutdown$$00000007  c_w.l(libshutdown2.o)
    0x08000166   0x08000166   0x00000000   Code   RO          372    .ARM.Collect$$libshutdown$$0000000A  c_w.l(libshutdown2.o)
    0x08000166   0x08000166   0x00000000   Code   RO          374    .ARM.Collect$$libshutdown$$0000000C  c_w.l(libshutdown2.o)
    0x08000166   0x08000166   0x00000000   Code   RO          377    .ARM.Collect$$libshutdown$$0000000F  c_w.l(libshutdown2.o)
    0x08000166   0x08000166   0x00000002   Code   RO          378    .ARM.Collect$$libshutdown$$00000010  c_w.l(libshutdown2.o)
    0x08000168   0x08000168   0x00000000   Code   RO          185    .ARM.Collect$$rtentry$$00000000  c_w.l(__rtentry.o)
    0x08000168   0x08000168   0x00000000   Code   RO          225    .ARM.Collect$$rtentry$$00000002  c_w.l(__rtentry2.o)
    0x08000168   0x08000168   0x00000006   Code   RO          237    .ARM.Collect$$rtentry$$00000004  c_w.l(__rtentry4.o)
    0x0800016e   0x0800016e   0x00000000   Code   RO          227    .ARM.Collect$$rtentry$$00000009  c_w.l(__rtentry2.o)
    0x0800016e   0x0800016e   0x00000004   Code   RO          228    .ARM.Collect$$rtentry$$0000000A  c_w.l(__rtentry2.o)
    0x08000172   0x08000172   0x00000000   Code   RO          230    .ARM.Collect$$rtentry$$0000000C  c_w.l(__rtentry2.o)
    0x08000172   0x08000172   0x00000008   Code   RO          231    .ARM.Collect$$rtentry$$0000000D  c_w.l(__rtentry2.o)
    0x0800017a   0x0800017a   0x00000002   Code   RO          275    .ARM.Collect$$rtexit$$00000000  c_w.l(rtexit.o)
    0x0800017c   0x0800017c   0x00000000   Code   RO          327    .ARM.Collect$$rtexit$$00000002  c_w.l(rtexit2.o)
    0x0800017c   0x0800017c   0x00000004   Code   RO          328    .ARM.Collect$$rtexit$$00000003  c_w.l(rtexit2.o)
    0x08000180   0x08000180   0x00000006   Code   RO          329    .ARM.Collect$$rtexit$$00000004  c_w.l(rtexit2.o)
    0x08000186   0x08000186   0x00000002   PAD
    0x08000188   0x08000188   0x00000b9e   Code   RO            1    .text               main.o
    0x08000d26   0x08000d26   0x00000002   PAD
    0x08000d28   0x08000d28   0x00000e3a   Code   RO           33    .text               lcd16x2.o
    0x08001b62   0x08001b62   0x00000002   PAD
    0x08001b64   0x08001b64   0x0000009a   Code   RO           44    .text               delay.o
    0x08001bfe   0x08001bfe   0x00000002   PAD
    0x08001c00   0x08001c00   0x000001e4   Code   RO           54    .text               stm32f10x_dma.o
    0x08001de4   0x08001de4   0x000000bc   Code   RO           62    .text               misc.o
    0x08001ea0   0x08001ea0   0x0000035c   Code   RO           70    .text               stm32f10x_adc.o
    0x080021fc   0x080021fc   0x0000024a   Code   RO           78    .text               stm32f10x_gpio.o
    0x08002446   0x08002446   0x00000002   PAD
    0x08002448   0x08002448   0x0000036c   Code   RO           87    .text               stm32f10x_rcc.o
    0x080027b4   0x080027b4   0x00000f86   Code   RO           97    .text               stm32f10x_tim.o
    0x0800373a   0x0800373a   0x00000002   PAD
    0x0800373c   0x0800373c   0x00000040   Code   RO          117    .text               startup_stm32f10x_md.o
    0x0800377c   0x0800377c   0x0000017e   Code   RO          123    .text               system_stm32f10x.o
    0x080038fa   0x080038fa   0x0000004e   Code   RO          135    .text               c_w.l(rt_memclr_w.o)
    0x08003948   0x08003948   0x00000006   Code   RO          137    .text               c_w.l(heapauxi.o)
    0x0800394e   0x0800394e   0x00000016   Code   RO          186    .text               c_w.l(_rserrno.o)
    0x08003964   0x08003964   0x00000008   Code   RO          242    .text               c_w.l(rt_errno_addr_intlibspace.o)
    0x0800396c   0x0800396c   0x00000008   Code   RO          260    .text               c_w.l(libspace.o)
    0x08003974   0x08003974   0x0000004a   Code   RO          263    .text               c_w.l(sys_stackheap_outer.o)
    0x080039be   0x080039be   0x00000012   Code   RO          265    .text               c_w.l(exit.o)
    0x080039d0   0x080039d0   0x0000000c   Code   RO          339    .text               c_w.l(sys_exit.o)
    0x080039dc   0x080039dc   0x00000002   Code   RO          354    .text               c_w.l(use_no_semi.o)
    0x080039de   0x080039de   0x00000000   Code   RO          356    .text               c_w.l(indicate_semi.o)
    0x080039de   0x080039de   0x00000028   Code   RO          256    i.__ARM_fpclassify  m_ws.l(fpclassify.o)
    0x08003a06   0x08003a06   0x00000002   PAD
    0x08003a08   0x08003a08   0x00000388   Code   RO          216    i.__ieee754_rem_pio2  m_ws.l(rred.o)
    0x08003d90   0x08003d90   0x000000fc   Code   RO          199    i.__kernel_cos      m_ws.l(cos_i.o)
    0x08003e8c   0x08003e8c   0x000000aa   Code   RO          258    i.__kernel_poly     m_ws.l(poly.o)
    0x08003f36   0x08003f36   0x00000002   PAD
    0x08003f38   0x08003f38   0x000000ec   Code   RO          221    i.__kernel_sin      m_ws.l(sin_i.o)
    0x08004024   0x08004024   0x00000006   Code   RO          203    i.__mathlib_dbl_infnan  m_ws.l(dunder.o)
    0x0800402a   0x0800402a   0x0000000c   Code   RO          205    i.__mathlib_dbl_invalid  m_ws.l(dunder.o)
    0x08004036   0x08004036   0x00000002   PAD
    0x08004038   0x08004038   0x00000010   Code   RO          208    i.__mathlib_dbl_underflow  m_ws.l(dunder.o)
    0x08004048   0x08004048   0x0000009c   Code   RO          174    i.cos               m_ws.l(cos.o)
    0x080040e4   0x080040e4   0x000000a0   Code   RO          178    i.sin               m_ws.l(sin.o)
    0x08004184   0x08004184   0x0000004c   Code   RO          182    i.sqrt              m_ws.l(sqrt.o)
    0x080041d0   0x080041d0   0x00000062   Code   RO          141    x$fpl$d2f           fz_ws.l(d2f.o)
    0x08004232   0x08004232   0x00000002   PAD
    0x08004234   0x08004234   0x00000150   Code   RO          244    x$fpl$dadd          fz_ws.l(daddsub_clz.o)
    0x08004384   0x08004384   0x00000010   Code   RO          273    x$fpl$dcheck1       fz_ws.l(dcheck1.o)
    0x08004394   0x08004394   0x000002b4   Code   RO          251    x$fpl$ddiv          fz_ws.l(ddiv.o)
    0x08004648   0x08004648   0x0000005e   Code   RO          143    x$fpl$dfix          fz_ws.l(dfix.o)
    0x080046a6   0x080046a6   0x0000002e   Code   RO          148    x$fpl$dflt          fz_ws.l(dflt_clz.o)
    0x080046d4   0x080046d4   0x00000026   Code   RO          147    x$fpl$dfltu         fz_ws.l(dflt_clz.o)
    0x080046fa   0x080046fa   0x00000002   PAD
    0x080046fc   0x080046fc   0x00000154   Code   RO          153    x$fpl$dmul          fz_ws.l(dmul.o)
    0x08004850   0x08004850   0x0000009c   Code   RO          188    x$fpl$dnaninf       fz_ws.l(dnaninf.o)
    0x080048ec   0x080048ec   0x0000000c   Code   RO          190    x$fpl$dretinf       fz_ws.l(dretinf.o)
    0x080048f8   0x080048f8   0x00000016   Code   RO          245    x$fpl$drsb          fz_ws.l(daddsub_clz.o)
    0x0800490e   0x0800490e   0x00000002   PAD
    0x08004910   0x08004910   0x000001cc   Code   RO          192    x$fpl$dsqrt         fz_ws.l(dsqrt_noumaal.o)
    0x08004adc   0x08004adc   0x000001dc   Code   RO          246    x$fpl$dsub          fz_ws.l(daddsub_clz.o)
    0x08004cb8   0x08004cb8   0x000000c4   Code   RO          155    x$fpl$fadd          fz_ws.l(faddsub_clz.o)
    0x08004d7c   0x08004d7c   0x00000036   Code   RO          161    x$fpl$ffix          fz_ws.l(ffix.o)
    0x08004db2   0x08004db2   0x00000002   PAD
    0x08004db4   0x08004db4   0x00000030   Code   RO          166    x$fpl$fflt          fz_ws.l(fflt_clz.o)
    0x08004de4   0x08004de4   0x00000026   Code   RO          165    x$fpl$ffltu         fz_ws.l(fflt_clz.o)
    0x08004e0a   0x08004e0a   0x00000002   PAD
    0x08004e0c   0x08004e0c   0x00000102   Code   RO          171    x$fpl$fmul          fz_ws.l(fmul.o)
    0x08004f0e   0x08004f0e   0x0000008c   Code   RO          194    x$fpl$fnaninf       fz_ws.l(fnaninf.o)
    0x08004f9a   0x08004f9a   0x0000000a   Code   RO          196    x$fpl$fretinf       fz_ws.l(fretinf.o)
    0x08004fa4   0x08004fa4   0x000000ea   Code   RO          157    x$fpl$fsub          fz_ws.l(faddsub_clz.o)
    0x0800508e   0x0800508e   0x00000064   Code   RO          324    x$fpl$retnan        fz_ws.l(retnan.o)
    0x080050f2   0x080050f2   0x0000005c   Code   RO          254    x$fpl$scalbn        fz_ws.l(scalbn.o)
    0x0800514e   0x0800514e   0x00000030   Code   RO          337    x$fpl$trapveneer    fz_ws.l(trapv.o)
    0x0800517e   0x0800517e   0x00000000   Code   RO          198    x$fpl$usenofp       fz_ws.l(usenofp.o)
    0x0800517e   0x0800517e   0x00000002   PAD
    0x08005180   0x08005180   0x00000030   Data   RO          200    .constdata          m_ws.l(cos_i.o)
    0x080051b0   0x080051b0   0x000000cc   Data   RO          218    .constdata          m_ws.l(rred.o)
    0x0800527c   0x0800527c   0x00000004   PAD
    0x08005280   0x08005280   0x00000028   Data   RO          222    .constdata          m_ws.l(sin_i.o)
    0x080052a8   0x080052a8   0x0000001c   Data   RO           80    .rodata..Lswitch.table.GPIO_DeInit.1  stm32f10x_gpio.o
    0x080052c4   0x080052c4   0x00000004   Data   RO           90    .rodata.ADCPrescTable  stm32f10x_rcc.o
    0x080052c8   0x080052c8   0x00000010   Data   RO          126    .rodata.AHBPrescTable  system_stm32f10x.o
    0x080052d8   0x080052d8   0x00000010   Data   RO           89    .rodata.APBAHBPrescTable  stm32f10x_rcc.o
    0x080052e8   0x080052e8   0x000005ac   Data   RO            4    .rodata.filter_coeffs  main.o
    0x08005894   0x08005894   0x00000020   Data   RO          412    Region$$Table       anon$$obj.o


    Execution Region RW_IRAM1 (Exec base: 0x20000000, Load base: 0x080058b8, Size: 0x00001b78, Max: 0x00005000, ABSOLUTE)

    Exec Addr    Load Addr    Size         Type   Attr      Idx    E Section Name        Object

    0x20000000   0x080058b8   0x00000004   Data   RW          125    .data.SystemCoreClock  system_stm32f10x.o
    0x20000004   0x080058bc   0x00000040   Data   RW            3    .data.bar_graph     main.o
    0x20000044   0x080058fc   0x00000004   PAD
    0x20000048        -       0x00000060   Zero   RW          261    .bss                c_w.l(libspace.o)
    0x200000a8        -       0x00000004   Zero   RW           35    .bss.GPIO_InitStruct  lcd16x2.o
    0x200000ac        -       0x00000200   Zero   RW           21    .bss.IMAG_OUT       main.o
    0x200002ac        -       0x00000200   Zero   RW           19    .bss.IMX            main.o
    0x200004ac        -       0x00000100   Zero   RW           25    .bss.MAG            main.o
    0x200005ac        -       0x00000100   Zero   RW           24    .bss.MAG_OUT        main.o
    0x200006ac        -       0x00000200   Zero   RW           20    .bss.REAL_OUT       main.o
    0x200008ac        -       0x00000200   Zero   RW           17    .bss.REX            main.o
    0x20000aac        -       0x00000001   Zero   RW           15    .bss.TIM3_IRQHandler.s  main.o
    0x20000aad   0x080058fc   0x00000001   PAD
    0x20000aae        -       0x00000004   Zero   RW           16    .bss.adc_buffer     main.o
    0x20000ab2        -       0x00000002   Zero   RW            5    .bss.adc_value      main.o
    0x20000ab4        -       0x00000001   Zero   RW           36    .bss.display_cursor_on_off_control  lcd16x2.o
    0x20000ab5   0x080058fc   0x00000003   PAD
    0x20000ab8        -       0x00000100   Zero   RW           13    .bss.fft_cos_lookup  main.o
    0x20000bb8        -       0x00000100   Zero   RW           14    .bss.fft_sin_lookup  main.o
    0x20000cb8        -       0x00000100   Zero   RW           23    .bss.lcd_buf_bot    main.o
    0x20000db8        -       0x00000100   Zero   RW           22    .bss.lcd_buf_top    main.o
    0x20000eb8        -       0x000005ac   Zero   RW           12    .bss.low_pass.buffer  main.o
    0x20001464        -       0x00000002   Zero   RW            8    .bss.n_count        main.o
    0x20001466        -       0x00000002   Zero   RW            9    .bss.n_done         main.o
    0x20001468        -       0x00000100   Zero   RW           18    .bss.pwm_buffer     main.o
    0x20001568        -       0x00000002   Zero   RW           10    .bss.pwm_index      main.o
    0x2000156a        -       0x00000002   Zero   RW           11    .bss.pwm_ready      main.o
    0x2000156c        -       0x00000002   Zero   RW            6    .bss.res_value      main.o
    0x2000156e   0x080058fc   0x00000002   PAD
    0x20001570        -       0x00000004   Zero   RW           46    .bss.usTicks        delay.o
    0x20001574   0x080058fc   0x00000004   PAD
    0x20001578        -       0x00000200   Zero   RW          115    HEAP                startup_stm32f10x_md.o
    0x20001778        -       0x00000400   Zero   RW          114    STACK               startup_stm32f10x_md.o


==============================================================================

Image component sizes


      Code (inc. data)   RO Data    RW Data    ZI Data      Debug   Object Name

       154          0          0          0          4       3749   delay.o
      3642          0          0          0          5      10413   lcd16x2.o
      2974          0       1452         64       5309      11853   main.o
       188          0          0          0          0       3338   misc.o
        64         26        236          0       1536        860   startup_stm32f10x_md.o
       860          0          0          0          0       8621   stm32f10x_adc.o
       484          0          0          0          0       3545   stm32f10x_dma.o
       586          0         28          0          0       5571   stm32f10x_gpio.o
       876          0         20          0          0       7457   stm32f10x_rcc.o
      3974          0          0          0          0      25741   stm32f10x_tim.o
       382          0         16          4          0       2699   system_stm32f10x.o

    ----------------------------------------------------------------------
     14194         26       1784         68       6868      83847   Object Totals
         0          0         32          0          0          0   (incl. Generated)
        10          0          0          0         14          0   (incl. Padding)

    ----------------------------------------------------------------------

      Code (inc. data)   RO Data    RW Data    ZI Data      Debug   Library Member Name

         8          0          0          0          0         68   __main.o
         0          0          0          0          0          0   __rtentry.o
        12          0          0          0          0          0   __rtentry2.o
         6          0          0          0          0          0   __rtentry4.o
        52          8          0          0          0          0   __scatter.o
        26          0          0          0          0          0   __scatter_copy.o
        28          0          0          0          0          0   __scatter_zi.o
        22          0          0          0          0        100   _rserrno.o
        18          0          0          0          0         80   exit.o
         6          0          0          0          0        152   heapauxi.o
         0          0          0          0          0          0   indicate_semi.o
         2          0          0          0          0          0   libinit.o
         2          0          0          0          0          0   libinit2.o
         2          0          0          0          0          0   libshutdown.o
         2          0          0          0          0          0   libshutdown2.o
         8          4          0          0         96         68   libspace.o
         8          4          0          0          0         68   rt_errno_addr_intlibspace.o
        78          0          0          0          0         80   rt_memclr_w.o
         2          0          0          0          0          0   rtexit.o
        10          0          0          0          0          0   rtexit2.o
        12          4          0          0          0         68   sys_exit.o
        74          0          0          0          0         80   sys_stackheap_outer.o
         2          0          0          0          0         68   use_no_semi.o
        98          4          0          0          0         92   d2f.o
       834         16          0          0          0        372   daddsub_clz.o
        16          4          0          0          0         68   dcheck1.o
       692        140          0          0          0        216   ddiv.o
        94          4          0          0          0         92   dfix.o
        84          0          0          0          0        136   dflt_clz.o
       340         12          0          0          0        104   dmul.o
       156          4          0          0          0         92   dnaninf.o
        12          0          0          0          0         68   dretinf.o
       460         56          0          0          0        120   dsqrt_noumaal.o
       430          8          0          0          0        168   faddsub_clz.o
        54          4          0          0          0         84   ffix.o
        86          0          0          0          0        136   fflt_clz.o
       258          4          0          0          0         84   fmul.o
       140          4          0          0          0         84   fnaninf.o
        10          0          0          0          0         68   fretinf.o
       100          0          0          0          0         68   retnan.o
        92          0          0          0          0         68   scalbn.o
        48          0          0          0          0         68   trapv.o
         0          0          0          0          0          0   usenofp.o
       156          8          0          0          0        104   cos.o
       252         22         48          0          0        124   cos_i.o
        34          6          0          0          0        204   dunder.o
        40          0          0          0          0         68   fpclassify.o
       170          0          0          0          0         96   poly.o
       904         76        204          0          0        140   rred.o
       160         10          0          0          0        108   sin.o
       236         12         40          0          0        128   sin_i.o
        76          0          0          0          0         84   sqrt.o

    ----------------------------------------------------------------------
      6434        414        296          0         96       4076   Library Totals
        22          0          4          0          0          0   (incl. Padding)

    ----------------------------------------------------------------------

      Code (inc. data)   RO Data    RW Data    ZI Data      Debug   Library Name

       380         20          0          0         96        832   c_w.l
      4004        260          0          0          0       2188   fz_ws.l
      2028        134        292          0          0       1056   m_ws.l

    ----------------------------------------------------------------------
      6434        414        296          0         96       4076   Library Totals

    ----------------------------------------------------------------------

==============================================================================


      Code (inc. data)   RO Data    RW Data    ZI Data      Debug   

     20628        440       2080         68       6964      85659   Grand Totals
     20628        440       2080         68       6964      85659   ELF Image Totals
     20628        440       2080         68          0          0   ROM Totals

==============================================================================

    Total RO  Size (Code + RO Data)                22708 (  22.18kB)
    Total RW  Size (RW Data + ZI Data)              7032 (   6.87kB)
    Total ROM Size (Code + RO Data + RW Data)      22776 (  22.24kB)

==============================================================================

